
 Start         Length     Name                   Class
 0001:00000000 000CF5CCH .text                   CODE
 0002:00000000 0000544CH .data                   DATA
 0002:0000544C 00002829H .bss                    BSS


Detailed map of segments

 0001:00000000 000053EF C=CODE     S=.text    G=(none)   M=System   ACBP=A9
 0001:000053F0 00000140 C=CODE     S=.text    G=(none)   M=SysInit  ACBP=A9
 0001:00005530 00000158 C=CODE     S=.text    G=(none)   M=Types    ACBP=A9
 0001:00005688 00000EE8 C=CODE     S=.text    G=(none)   M=Windows  ACBP=A9
 0001:00006570 00000038 C=CODE     S=.text    G=(none)   M=Messages ACBP=A9
 0001:000065A8 00000318 C=CODE     S=.text    G=(none)   M=SysConst ACBP=A9
 0001:000068C0 0000692C C=CODE     S=.text    G=(none)   M=SysUtils ACBP=A9
 0001:0000D1EC 000007FB C=CODE     S=.text    G=(none)   M=VarUtils ACBP=A9
 0001:0000D9E8 000066BA C=CODE     S=.text    G=(none)   M=Variants ACBP=A9
 0001:000140A4 00000140 C=CODE     S=.text    G=(none)   M=RTLConsts ACBP=A9
 0001:000141E4 00000E28 C=CODE     S=.text    G=(none)   M=TypInfo  ACBP=A9
 0001:0001500C 00000098 C=CODE     S=.text    G=(none)   M=ActiveX  ACBP=A9
 0001:000150A4 0000C8CA C=CODE     S=.text    G=(none)   M=Classes  ACBP=A9
 0001:00021970 00000318 C=CODE     S=.text    G=(none)   M=Consts   ACBP=A9
 0001:00021C88 0000964F C=CODE     S=.text    G=(none)   M=Graphics ACBP=A9
 0001:0002B2D8 000000F0 C=CODE     S=.text    G=(none)   M=Math     ACBP=A9
 0001:0002B3C8 000002D0 C=CODE     S=.text    G=(none)   M=Contnrs  ACBP=A9
 0001:0002B698 0000041C C=CODE     S=.text    G=(none)   M=CommCtrl ACBP=A9
 0001:0002BAB4 00000787 C=CODE     S=.text    G=(none)   M=MultiMon ACBP=A9
 0001:0002C23C 00000078 C=CODE     S=.text    G=(none)   M=Imm      ACBP=A9
 0001:0002C2B4 00000FF8 C=CODE     S=.text    G=(none)   M=HelpIntfs ACBP=A9
 0001:0002D2AC 00000038 C=CODE     S=.text    G=(none)   M=WinSpool ACBP=A9
 0001:0002D2E4 00000044 C=CODE     S=.text    G=(none)   M=Printers ACBP=A9
 0001:0002D328 0000031F C=CODE     S=.text    G=(none)   M=FlatSB   ACBP=A9
 0001:0002D648 000001A4 C=CODE     S=.text    G=(none)   M=SyncObjs ACBP=A9
 0001:0002D7EC 000009BB C=CODE     S=.text    G=(none)   M=UxTheme  ACBP=A9
 0001:0002E1A8 00000038 C=CODE     S=.text    G=(none)   M=RichEdit ACBP=A9
 0001:0002E1E0 000004F0 C=CODE     S=.text    G=(none)   M=ToolWin  ACBP=A9
 0001:0002E6D0 00000068 C=CODE     S=.text    G=(none)   M=ShellAPI ACBP=A9
 0001:0002E738 00000038 C=CODE     S=.text    G=(none)   M=RegStr   ACBP=A9
 0001:0002E770 00000038 C=CODE     S=.text    G=(none)   M=WinInet  ACBP=A9
 0001:0002E7A8 00000038 C=CODE     S=.text    G=(none)   M=UrlMon   ACBP=A9
 0001:0002E7E0 0000006C C=CODE     S=.text    G=(none)   M=ShlObj   ACBP=A9
 0001:0002E84C 00000048 C=CODE     S=.text    G=(none)   M=CommDlg  ACBP=A9
 0001:0002E894 00000038 C=CODE     S=.text    G=(none)   M=Dlgs     ACBP=A9
 0001:0002E8CC 00002485 C=CODE     S=.text    G=(none)   M=Dialogs  ACBP=A9
 0001:00030D54 0000399A C=CODE     S=.text    G=(none)   M=ExtCtrls ACBP=A9
 0001:000346F0 00000090 C=CODE     S=.text    G=(none)   M=ComStrs  ACBP=A9
 0001:00034780 00000780 C=CODE     S=.text    G=(none)   M=Clipbrd  ACBP=A9
 0001:00034F00 00000038 C=CODE     S=.text    G=(none)   M=StrUtils ACBP=A9
 0001:00034F38 00000405 C=CODE     S=.text    G=(none)   M=Buttons  ACBP=A9
 0001:00035340 00000038 C=CODE     S=.text    G=(none)   M=ExtDlgs  ACBP=A9
 0001:00035378 00000068 C=CODE     S=.text    G=(none)   M=IniFiles ACBP=A9
 0001:000353E0 00000A38 C=CODE     S=.text    G=(none)   M=Registry ACBP=A9
 0001:00035E18 0000006C C=CODE     S=.text    G=(none)   M=Mapi     ACBP=A9
 0001:00035E84 00000058 C=CODE     S=.text    G=(none)   M=ExtActns ACBP=A9
 0001:00035EDC 00000038 C=CODE     S=.text    G=(none)   M=ListActns ACBP=A9
 0001:00035F14 0000F600 C=CODE     S=.text    G=(none)   M=ComCtrls ACBP=A9
 0001:00045514 00000CE4 C=CODE     S=.text    G=(none)   M=Themes   ACBP=A9
 0001:000461F8 00001DD8 C=CODE     S=.text    G=(none)   M=StdCtrls ACBP=A9
 0001:00047FD0 00000178 C=CODE     S=.text    G=(none)   M=StdActns ACBP=A9
 0001:00048148 00000D1F C=CODE     S=.text    G=(none)   M=WinHelpViewer ACBP=A9
 0001:00048E68 000110FB C=CODE     S=.text    G=(none)   M=Controls ACBP=A9
 0001:00059F64 00001292 C=CODE     S=.text    G=(none)   M=ActnList ACBP=A9
 0001:0005B1F8 00001CC0 C=CODE     S=.text    G=(none)   M=ImgList  ACBP=A9
 0001:0005CEB8 000066B9 C=CODE     S=.text    G=(none)   M=Menus    ACBP=A9
 0001:00063574 0000C52C C=CODE     S=.text    G=(none)   M=Forms    ACBP=A9
 0001:0006FAA0 000002D0 C=CODE     S=.text    G=(none)   M=JvResources ACBP=A9
 0001:0006FD70 00000F38 C=CODE     S=.text    G=(none)   M=JvTypes  ACBP=A9
 0001:00070CA8 000003C0 C=CODE     S=.text    G=(none)   M=JclResources ACBP=A9
 0001:00071068 0000015B C=CODE     S=.text    G=(none)   M=JclBase  ACBP=A9
 0001:000711C4 00000038 C=CODE     S=.text    G=(none)   M=AccCtrl  ACBP=A9
 0001:000711FC 00000040 C=CODE     S=.text    G=(none)   M=JclWin32 ACBP=A9
 0001:0007123C 00000038 C=CODE     S=.text    G=(none)   M=JclLogic ACBP=A9
 0001:00071274 00000038 C=CODE     S=.text    G=(none)   M=JclStringConversions ACBP=A9
 0001:000712AC 00001634 C=CODE     S=.text    G=(none)   M=JclCharsets ACBP=A9
 0001:000728E0 00000038 C=CODE     S=.text    G=(none)   M=Jcl8087  ACBP=A9
 0001:00072918 00000074 C=CODE     S=.text    G=(none)   M=JclMath  ACBP=A9
 0001:0007298C 00000058 C=CODE     S=.text    G=(none)   M=ComConst ACBP=A9
 0001:000729E4 00000E65 C=CODE     S=.text    G=(none)   M=ComObj   ACBP=A9
 0001:0007384C 00000038 C=CODE     S=.text    G=(none)   M=WinSock  ACBP=A9
 0001:00073884 0000004F C=CODE     S=.text    G=(none)   M=Snmp     ACBP=A9
 0001:000738D4 00000038 C=CODE     S=.text    G=(none)   M=TlHelp32 ACBP=A9
 0001:0007390C 00000038 C=CODE     S=.text    G=(none)   M=PsAPI    ACBP=A9
 0001:00073944 00000038 C=CODE     S=.text    G=(none)   M=JclIniFiles ACBP=A9
 0001:0007397C 000035F1 C=CODE     S=.text    G=(none)   M=JclSysInfo ACBP=A9
 0001:00076F70 00002B6E C=CODE     S=.text    G=(none)   M=JclUnicode ACBP=A9
 0001:00079AE0 000000A0 C=CODE     S=.text    G=(none)   M=JclWideStrings ACBP=A9
 0001:00079B80 00000044 C=CODE     S=.text    G=(none)   M=JclShell ACBP=A9
 0001:00079BC4 00000038 C=CODE     S=.text    G=(none)   M=JclSecurity ACBP=A9
 0001:00079BFC 00000038 C=CODE     S=.text    G=(none)   M=JclDateTime ACBP=A9
 0001:00079C34 00000260 C=CODE     S=.text    G=(none)   M=JclFileUtils ACBP=A9
 0001:00079E94 00000038 C=CODE     S=.text    G=(none)   M=JclConsole ACBP=A9
 0001:00079ECC 00000038 C=CODE     S=.text    G=(none)   M=JclStreams ACBP=A9
 0001:00079F04 00000148 C=CODE     S=.text    G=(none)   M=JclAnsiStrings ACBP=A9
 0001:0007A04C 0000015C C=CODE     S=.text    G=(none)   M=JclStrings ACBP=A9
 0001:0007A1A8 00001304 C=CODE     S=.text    G=(none)   M=JclRegistry ACBP=A9
 0001:0007B4AC 0000010C C=CODE     S=.text    G=(none)   M=JclSynch ACBP=A9
 0001:0007B5B8 000000E5 C=CODE     S=.text    G=(none)   M=JclSysUtils ACBP=A9
 0001:0007B6A0 0000048F C=CODE     S=.text    G=(none)   M=JvThemes ACBP=A9
 0001:0007BB30 0000006C C=CODE     S=.text    G=(none)   M=JVCLVer  ACBP=A9
 0001:0007BB9C 000007D0 C=CODE     S=.text    G=(none)   M=JvExControls ACBP=A9
 0001:0007C36C 00000038 C=CODE     S=.text    G=(none)   M=JvConsts ACBP=A9
 0001:0007C3A4 00000038 C=CODE     S=.text    G=(none)   M=JvExForms ACBP=A9
 0001:0007C3DC 00000038 C=CODE     S=.text    G=(none)   M=JvExStdCtrls ACBP=A9
 0001:0007C414 00000038 C=CODE     S=.text    G=(none)   M=JvComponent ACBP=A9
 0001:0007C44C 000003B4 C=CODE     S=.text    G=(none)   M=JvHotTrackPersistent ACBP=A9
 0001:0007C800 00000038 C=CODE     S=.text    G=(none)   M=MMSystem ACBP=A9
 0001:0007C838 00000448 C=CODE     S=.text    G=(none)   M=JvJCLUtils ACBP=A9
 0001:0007CC80 00000038 C=CODE     S=.text    G=(none)   M=MaskUtils ACBP=A9
 0001:0007CCB8 00000038 C=CODE     S=.text    G=(none)   M=Mask     ACBP=A9
 0001:0007CCF0 00000038 C=CODE     S=.text    G=(none)   M=Grids    ACBP=A9
 0001:0007CD28 00000118 C=CODE     S=.text    G=(none)   M=JvComponentBase ACBP=A9
 0001:0007CE40 000001E7 C=CODE     S=.text    G=(none)   M=JclRTTI  ACBP=A9
 0001:0007D028 00000038 C=CODE     S=.text    G=(none)   M=JclMime  ACBP=A9
 0001:0007D060 00000038 C=CODE     S=.text    G=(none)   M=JvPropertyStoreEditorIntf ACBP=A9
 0001:0007D098 00000090 C=CODE     S=.text    G=(none)   M=JclSimpleXml ACBP=A9
 0001:0007D128 00000104 C=CODE     S=.text    G=(none)   M=JvStrings ACBP=A9
 0001:0007D22C 00000050 C=CODE     S=.text    G=(none)   M=JConsts  ACBP=A9
 0001:0007D27C 000133EC C=CODE     S=.text    G=(none)   M=jpeg     ACBP=A9
 0001:00090668 00000218 C=CODE     S=.text    G=(none)   M=JvPropertyStore ACBP=A9
 0001:00090880 00000038 C=CODE     S=.text    G=(none)   M=JvTranslateString ACBP=A9
 0001:000908B8 0000005C C=CODE     S=.text    G=(none)   M=JvAppStorage ACBP=A9
 0001:00090914 00001A7F C=CODE     S=.text    G=(none)   M=JvJVCLUtils ACBP=A9
 0001:00092394 0000462C C=CODE     S=.text    G=(none)   M=JvSpeedButton ACBP=A9
 0001:000969C0 0000012C C=CODE     S=.text    G=(none)   M=SynEditTypes ACBP=A9
 0001:00096AEC 00000038 C=CODE     S=.text    G=(none)   M=SynEditKeyConst ACBP=A9
 0001:00096B24 00000344 C=CODE     S=.text    G=(none)   M=SynEditHighlighterOptions ACBP=A9
 0001:00096E68 0000017C C=CODE     S=.text    G=(none)   M=SynRegExpr ACBP=A9
 0001:00096FE4 000000C8 C=CODE     S=.text    G=(none)   M=SynEditStrConst ACBP=A9
 0001:000970AC 00000038 C=CODE     S=.text    G=(none)   M=SynHighlighterMulti ACBP=A9
 0001:000970E4 0000226D C=CODE     S=.text    G=(none)   M=SynEditMiscClasses ACBP=A9
 0001:00099354 00001DF7 C=CODE     S=.text    G=(none)   M=SynEditHighlighter ACBP=A9
 0001:0009B14C 0000089C C=CODE     S=.text    G=(none)   M=SynEditMiscProcs ACBP=A9
 0001:0009B9E8 00001BDC C=CODE     S=.text    G=(none)   M=SynEditTextBuffer ACBP=A9
 0001:0009D5C4 000034A7 C=CODE     S=.text    G=(none)   M=SynUnicode ACBP=A9
 0001:000A0A6C 000010C0 C=CODE     S=.text    G=(none)   M=SynTextDrawer ACBP=A9
 0001:000A1B2C 00001B42 C=CODE     S=.text    G=(none)   M=SynEditKeyCmds ACBP=A9
 0001:000A3670 00000684 C=CODE     S=.text    G=(none)   M=SynEditKbdHandler ACBP=A9
 0001:000A3CF4 00001070 C=CODE     S=.text    G=(none)   M=SynEditWordWrap ACBP=A9
 0001:000A4D64 000172C0 C=CODE     S=.text    G=(none)   M=SynEdit  ACBP=A9
 0001:000BC024 00001098 C=CODE     S=.text    G=(none)   M=JvWndProcHook ACBP=A9
 0001:000BD0BC 00000048 C=CODE     S=.text    G=(none)   M=JvDsgnIntf ACBP=A9
 0001:000BD104 00003CD0 C=CODE     S=.text    G=(none)   M=JvCaptionButton ACBP=A9
 0001:000C0DD4 00002190 C=CODE     S=.text    G=(none)   M=JvGradientCaption ACBP=A9
 0001:000C2F64 00003B42 C=CODE     S=.text    G=(none)   M=SynHighlighterPas ACBP=A9
 0001:000C6AA8 00000668 C=CODE     S=.text    G=(none)   M=JvStringHolder ACBP=A9
 0001:000C7110 00000170 C=CODE     S=.text    G=(none)   M=CtrlMenuBarButton ACBP=A9
 0001:000C7280 00000038 C=CODE     S=.text    G=(none)   M=JclVclResources ACBP=A9
 0001:000C72B8 00000605 C=CODE     S=.text    G=(none)   M=JclGraphUtils ACBP=A9
 0001:000C78C0 00006384 C=CODE     S=.text    G=(none)   M=JvMenus  ACBP=A9
 0001:000CDC44 00000264 C=CODE     S=.text    G=(none)   M=AboutBox ACBP=A9
 0001:000CDEA8 00001214 C=CODE     S=.text    G=(none)   M=EditorForm ACBP=A9
 0001:000CF0BC 0000050D C=CODE     S=.text    G=(none)   M=Editor   ACBP=A9
 0002:00000000 0000009C C=DATA     S=.data    G=DGROUP   M=System   ACBP=A9
 0002:0000009C 00000020 C=DATA     S=.data    G=DGROUP   M=SysInit  ACBP=A9
 0002:000000BC 00000254 C=DATA     S=.data    G=DGROUP   M=SysUtils ACBP=A9
 0002:00000310 00000008 C=DATA     S=.data    G=DGROUP   M=VarUtils ACBP=A9
 0002:00000318 00000136 C=DATA     S=.data    G=DGROUP   M=Variants ACBP=A9
 0002:00000450 0000000C C=DATA     S=.data    G=DGROUP   M=TypInfo  ACBP=A9
 0002:0000045C 00000010 C=DATA     S=.data    G=DGROUP   M=ActiveX  ACBP=A9
 0002:0000046C 00000064 C=DATA     S=.data    G=DGROUP   M=Classes  ACBP=A9
 0002:000004D0 0000030C C=DATA     S=.data    G=DGROUP   M=Graphics ACBP=A9
 0002:000007DC 00000004 C=DATA     S=.data    G=DGROUP   M=Printers ACBP=A9
 0002:000007E0 00000020 C=DATA     S=.data    G=DGROUP   M=ToolWin  ACBP=A9
 0002:00000800 00000114 C=DATA     S=.data    G=DGROUP   M=Dialogs  ACBP=A9
 0002:00000914 0000018C C=DATA     S=.data    G=DGROUP   M=ExtCtrls ACBP=A9
 0002:00000AA0 0000002C C=DATA     S=.data    G=DGROUP   M=Buttons  ACBP=A9
 0002:00000ACC 00000008 C=DATA     S=.data    G=DGROUP   M=IniFiles ACBP=A9
 0002:00000AD4 00000008 C=DATA     S=.data    G=DGROUP   M=Registry ACBP=A9
 0002:00000ADC 00000008 C=DATA     S=.data    G=DGROUP   M=Mapi     ACBP=A9
 0002:00000AE4 00000124 C=DATA     S=.data    G=DGROUP   M=ComCtrls ACBP=A9
 0002:00000C08 00000068 C=DATA     S=.data    G=DGROUP   M=Themes   ACBP=A9
 0002:00000C70 00000018 C=DATA     S=.data    G=DGROUP   M=StdCtrls ACBP=A9
 0002:00000C88 0000013C C=DATA     S=.data    G=DGROUP   M=Controls ACBP=A9
 0002:00000DC4 00000020 C=DATA     S=.data    G=DGROUP   M=ImgList  ACBP=A9
 0002:00000DE4 000000EC C=DATA     S=.data    G=DGROUP   M=Menus    ACBP=A9
 0002:00000ED0 0000011C C=DATA     S=.data    G=DGROUP   M=Forms    ACBP=A9
 0002:00000FEC 00000438 C=DATA     S=.data    G=DGROUP   M=JvTypes  ACBP=A9
 0002:00001424 000008F0 C=DATA     S=.data    G=DGROUP   M=JclCharsets ACBP=A9
 0002:00001D14 00000008 C=DATA     S=.data    G=DGROUP   M=JclMath  ACBP=A9
 0002:00001D1C 00000030 C=DATA     S=.data    G=DGROUP   M=ComObj   ACBP=A9
 0002:00001D4C 000008D8 C=DATA     S=.data    G=DGROUP   M=JclSysInfo ACBP=A9
 0002:00002624 00000E7C C=DATA     S=.data    G=DGROUP   M=JclUnicode ACBP=A9
 0002:000034A0 00000004 C=DATA     S=.data    G=DGROUP   M=JclShell ACBP=A9
 0002:000034A4 00000030 C=DATA     S=.data    G=DGROUP   M=JclFileUtils ACBP=A9
 0002:000034D4 00000001 C=DATA     S=.data    G=DGROUP   M=JclAnsiStrings ACBP=A9
 0002:000034D8 0000000C C=DATA     S=.data    G=DGROUP   M=JclStrings ACBP=A9
 0002:000034E4 000000CC C=DATA     S=.data    G=DGROUP   M=JclRegistry ACBP=A9
 0002:000035B0 00000010 C=DATA     S=.data    G=DGROUP   M=JclSysUtils ACBP=A9
 0002:000035C0 0000000E C=DATA     S=.data    G=DGROUP   M=JvConsts ACBP=A9
 0002:000035D0 00000050 C=DATA     S=.data    G=DGROUP   M=JvJCLUtils ACBP=A9
 0002:00003620 00000014 C=DATA     S=.data    G=DGROUP   M=JclSimpleXml ACBP=A9
 0002:00003634 0000000C C=DATA     S=.data    G=DGROUP   M=JvStrings ACBP=A9
 0002:00003640 00000908 C=DATA     S=.data    G=DGROUP   M=jpeg     ACBP=A9
 0002:00003F48 00000048 C=DATA     S=.data    G=DGROUP   M=JvPropertyStore ACBP=A9
 0002:00003F90 00000070 C=DATA     S=.data    G=DGROUP   M=JvJVCLUtils ACBP=A9
 0002:00004000 00000010 C=DATA     S=.data    G=DGROUP   M=JvSpeedButton ACBP=A9
 0002:00004010 00000014 C=DATA     S=.data    G=DGROUP   M=SynRegExpr ACBP=A9
 0002:00004024 00000040 C=DATA     S=.data    G=DGROUP   M=SynEditHighlighter ACBP=A9
 0002:00004064 0000000A C=DATA     S=.data    G=DGROUP   M=SynUnicode ACBP=A9
 0002:00004070 00000008 C=DATA     S=.data    G=DGROUP   M=SynTextDrawer ACBP=A9
 0002:00004078 00000330 C=DATA     S=.data    G=DGROUP   M=SynEditKeyCmds ACBP=A9
 0002:000043A8 00000001 C=DATA     S=.data    G=DGROUP   M=SynEditWordWrap ACBP=A9
 0002:000043AC 0000001C C=DATA     S=.data    G=DGROUP   M=SynEdit  ACBP=A9
 0002:000043C8 00000008 C=DATA     S=.data    G=DGROUP   M=JvWndProcHook ACBP=A9
 0002:000043D0 0000003C C=DATA     S=.data    G=DGROUP   M=JvCaptionButton ACBP=A9
 0002:0000440C 000007D0 C=DATA     S=.data    G=DGROUP   M=SynHighlighterPas ACBP=A9
 0002:00004BDC 00000018 C=DATA     S=.data    G=DGROUP   M=JvMenus  ACBP=A9
 0002:00006000 00000664 C=BSS      S=.bss     G=DGROUP   M=System   ACBP=A9
 0002:00006664 00000010 C=BSS      S=.bss     G=DGROUP   M=SysInit  ACBP=A9
 0002:00006674 00000004 C=BSS      S=.bss     G=DGROUP   M=Types    ACBP=A9
 0002:00006678 00000004 C=BSS      S=.bss     G=DGROUP   M=Windows  ACBP=A9
 0002:0000667C 00000004 C=BSS      S=.bss     G=DGROUP   M=Messages ACBP=A9
 0002:00006680 00000004 C=BSS      S=.bss     G=DGROUP   M=SysConst ACBP=A9
 0002:00006684 00000120 C=BSS      S=.bss     G=DGROUP   M=SysUtils ACBP=A9
 0002:000067A4 0000005C C=BSS      S=.bss     G=DGROUP   M=VarUtils ACBP=A9
 0002:00006800 00000040 C=BSS      S=.bss     G=DGROUP   M=Variants ACBP=A9
 0002:00006840 00000004 C=BSS      S=.bss     G=DGROUP   M=RTLConsts ACBP=A9
 0002:00006844 00000004 C=BSS      S=.bss     G=DGROUP   M=TypInfo  ACBP=A9
 0002:00006848 00000004 C=BSS      S=.bss     G=DGROUP   M=ActiveX  ACBP=A9
 0002:0000684C 00000040 C=BSS      S=.bss     G=DGROUP   M=Classes  ACBP=A9
 0002:0000688C 00000004 C=BSS      S=.bss     G=DGROUP   M=Consts   ACBP=A9
 0002:00006890 00000060 C=BSS      S=.bss     G=DGROUP   M=Graphics ACBP=A9
 0002:000068F0 00000004 C=BSS      S=.bss     G=DGROUP   M=Math     ACBP=A9
 0002:000068F4 00000004 C=BSS      S=.bss     G=DGROUP   M=Contnrs  ACBP=A9
 0002:000068F8 0000000C C=BSS      S=.bss     G=DGROUP   M=CommCtrl ACBP=A9
 0002:00006904 00000031 C=BSS      S=.bss     G=DGROUP   M=MultiMon ACBP=A9
 0002:00006938 00000004 C=BSS      S=.bss     G=DGROUP   M=Imm      ACBP=A9
 0002:0000693C 00000008 C=BSS      S=.bss     G=DGROUP   M=HelpIntfs ACBP=A9
 0002:00006944 00000004 C=BSS      S=.bss     G=DGROUP   M=WinSpool ACBP=A9
 0002:00006948 00000004 C=BSS      S=.bss     G=DGROUP   M=Printers ACBP=A9
 0002:0000694C 00000034 C=BSS      S=.bss     G=DGROUP   M=FlatSB   ACBP=A9
 0002:00006980 00000004 C=BSS      S=.bss     G=DGROUP   M=SyncObjs ACBP=A9
 0002:00006984 000000CC C=BSS      S=.bss     G=DGROUP   M=UxTheme  ACBP=A9
 0002:00006A50 00000004 C=BSS      S=.bss     G=DGROUP   M=RichEdit ACBP=A9
 0002:00006A54 00000004 C=BSS      S=.bss     G=DGROUP   M=ToolWin  ACBP=A9
 0002:00006A58 00000004 C=BSS      S=.bss     G=DGROUP   M=ShellAPI ACBP=A9
 0002:00006A5C 00000004 C=BSS      S=.bss     G=DGROUP   M=RegStr   ACBP=A9
 0002:00006A60 00000004 C=BSS      S=.bss     G=DGROUP   M=WinInet  ACBP=A9
 0002:00006A64 00000004 C=BSS      S=.bss     G=DGROUP   M=UrlMon   ACBP=A9
 0002:00006A68 00000004 C=BSS      S=.bss     G=DGROUP   M=ShlObj   ACBP=A9
 0002:00006A6C 00000004 C=BSS      S=.bss     G=DGROUP   M=CommDlg  ACBP=A9
 0002:00006A70 00000004 C=BSS      S=.bss     G=DGROUP   M=Dlgs     ACBP=A9
 0002:00006A74 00000038 C=BSS      S=.bss     G=DGROUP   M=Dialogs  ACBP=A9
 0002:00006AAC 00000004 C=BSS      S=.bss     G=DGROUP   M=ExtCtrls ACBP=A9
 0002:00006AB0 00000004 C=BSS      S=.bss     G=DGROUP   M=ComStrs  ACBP=A9
 0002:00006AB4 0000000C C=BSS      S=.bss     G=DGROUP   M=Clipbrd  ACBP=A9
 0002:00006AC0 00000004 C=BSS      S=.bss     G=DGROUP   M=StrUtils ACBP=A9
 0002:00006AC4 00000030 C=BSS      S=.bss     G=DGROUP   M=Buttons  ACBP=A9
 0002:00006AF4 00000004 C=BSS      S=.bss     G=DGROUP   M=ExtDlgs  ACBP=A9
 0002:00006AF8 00000004 C=BSS      S=.bss     G=DGROUP   M=IniFiles ACBP=A9
 0002:00006AFC 00000004 C=BSS      S=.bss     G=DGROUP   M=Registry ACBP=A9
 0002:00006B00 00000004 C=BSS      S=.bss     G=DGROUP   M=Mapi     ACBP=A9
 0002:00006B04 00000009 C=BSS      S=.bss     G=DGROUP   M=ExtActns ACBP=A9
 0002:00006B10 00000004 C=BSS      S=.bss     G=DGROUP   M=ListActns ACBP=A9
 0002:00006B14 00000010 C=BSS      S=.bss     G=DGROUP   M=ComCtrls ACBP=A9
 0002:00006B24 00000008 C=BSS      S=.bss     G=DGROUP   M=Themes   ACBP=A9
 0002:00006B2C 00000004 C=BSS      S=.bss     G=DGROUP   M=StdCtrls ACBP=A9
 0002:00006B30 00000004 C=BSS      S=.bss     G=DGROUP   M=StdActns ACBP=A9
 0002:00006B34 00000014 C=BSS      S=.bss     G=DGROUP   M=WinHelpViewer ACBP=A9
 0002:00006B48 00000080 C=BSS      S=.bss     G=DGROUP   M=Controls ACBP=A9
 0002:00006BC8 00000004 C=BSS      S=.bss     G=DGROUP   M=ActnList ACBP=A9
 0002:00006BCC 0000000C C=BSS      S=.bss     G=DGROUP   M=ImgList  ACBP=A9
 0002:00006BD8 00000010 C=BSS      S=.bss     G=DGROUP   M=Menus    ACBP=A9
 0002:00006BE8 00000020 C=BSS      S=.bss     G=DGROUP   M=Forms    ACBP=A9
 0002:00006C08 00000004 C=BSS      S=.bss     G=DGROUP   M=JvResources ACBP=A9
 0002:00006C0C 00000004 C=BSS      S=.bss     G=DGROUP   M=JvTypes  ACBP=A9
 0002:00006C10 00000004 C=BSS      S=.bss     G=DGROUP   M=JclResources ACBP=A9
 0002:00006C14 00000008 C=BSS      S=.bss     G=DGROUP   M=JclBase  ACBP=A9
 0002:00006C1C 00000004 C=BSS      S=.bss     G=DGROUP   M=AccCtrl  ACBP=A9
 0002:00006C20 00000004 C=BSS      S=.bss     G=DGROUP   M=JclWin32 ACBP=A9
 0002:00006C24 00000004 C=BSS      S=.bss     G=DGROUP   M=JclLogic ACBP=A9
 0002:00006C28 00000004 C=BSS      S=.bss     G=DGROUP   M=JclStringConversions ACBP=A9
 0002:00006C2C 00000004 C=BSS      S=.bss     G=DGROUP   M=JclCharsets ACBP=A9
 0002:00006C30 00000004 C=BSS      S=.bss     G=DGROUP   M=Jcl8087  ACBP=A9
 0002:00006C34 00000004 C=BSS      S=.bss     G=DGROUP   M=JclMath  ACBP=A9
 0002:00006C38 00000004 C=BSS      S=.bss     G=DGROUP   M=ComConst ACBP=A9
 0002:00006C3C 00000011 C=BSS      S=.bss     G=DGROUP   M=ComObj   ACBP=A9
 0002:00006C50 00000004 C=BSS      S=.bss     G=DGROUP   M=WinSock  ACBP=A9
 0002:00006C54 00000004 C=BSS      S=.bss     G=DGROUP   M=Snmp     ACBP=A9
 0002:00006C58 00000004 C=BSS      S=.bss     G=DGROUP   M=TlHelp32 ACBP=A9
 0002:00006C5C 00000004 C=BSS      S=.bss     G=DGROUP   M=PsAPI    ACBP=A9
 0002:00006C60 00000004 C=BSS      S=.bss     G=DGROUP   M=JclIniFiles ACBP=A9
 0002:00006C64 00000010 C=BSS      S=.bss     G=DGROUP   M=JclSysInfo ACBP=A9
 0002:00006C74 00001018 C=BSS      S=.bss     G=DGROUP   M=JclUnicode ACBP=A9
 0002:00007C8C 00000004 C=BSS      S=.bss     G=DGROUP   M=JclWideStrings ACBP=A9
 0002:00007C90 00000004 C=BSS      S=.bss     G=DGROUP   M=JclShell ACBP=A9
 0002:00007C94 00000004 C=BSS      S=.bss     G=DGROUP   M=JclSecurity ACBP=A9
 0002:00007C98 00000004 C=BSS      S=.bss     G=DGROUP   M=JclDateTime ACBP=A9
 0002:00007C9C 00000004 C=BSS      S=.bss     G=DGROUP   M=JclFileUtils ACBP=A9
 0002:00007CA0 00000004 C=BSS      S=.bss     G=DGROUP   M=JclConsole ACBP=A9
 0002:00007CA4 00000004 C=BSS      S=.bss     G=DGROUP   M=JclStreams ACBP=A9
 0002:00007CA8 00000504 C=BSS      S=.bss     G=DGROUP   M=JclAnsiStrings ACBP=A9
 0002:000081AC 00000504 C=BSS      S=.bss     G=DGROUP   M=JclStrings ACBP=A9
 0002:000086B0 00000004 C=BSS      S=.bss     G=DGROUP   M=JclRegistry ACBP=A9
 0002:000086B4 00000004 C=BSS      S=.bss     G=DGROUP   M=JclSynch ACBP=A9
 0002:000086B8 00000008 C=BSS      S=.bss     G=DGROUP   M=JclSysUtils ACBP=A9
 0002:000086C0 00000008 C=BSS      S=.bss     G=DGROUP   M=JvThemes ACBP=A9
 0002:000086C8 00000004 C=BSS      S=.bss     G=DGROUP   M=JVCLVer  ACBP=A9
 0002:000086CC 00000004 C=BSS      S=.bss     G=DGROUP   M=JvExControls ACBP=A9
 0002:000086D0 00000004 C=BSS      S=.bss     G=DGROUP   M=JvConsts ACBP=A9
 0002:000086D4 00000004 C=BSS      S=.bss     G=DGROUP   M=JvExForms ACBP=A9
 0002:000086D8 00000004 C=BSS      S=.bss     G=DGROUP   M=JvExStdCtrls ACBP=A9
 0002:000086DC 00000004 C=BSS      S=.bss     G=DGROUP   M=JvComponent ACBP=A9
 0002:000086E0 00000004 C=BSS      S=.bss     G=DGROUP   M=JvHotTrackPersistent ACBP=A9
 0002:000086E4 00000004 C=BSS      S=.bss     G=DGROUP   M=MMSystem ACBP=A9
 0002:000086E8 00000004 C=BSS      S=.bss     G=DGROUP   M=JvJCLUtils ACBP=A9
 0002:000086EC 00000004 C=BSS      S=.bss     G=DGROUP   M=MaskUtils ACBP=A9
 0002:000086F0 00000004 C=BSS      S=.bss     G=DGROUP   M=Mask     ACBP=A9
 0002:000086F4 00000004 C=BSS      S=.bss     G=DGROUP   M=Grids    ACBP=A9
 0002:000086F8 00000004 C=BSS      S=.bss     G=DGROUP   M=JvComponentBase ACBP=A9
 0002:000086FC 00000008 C=BSS      S=.bss     G=DGROUP   M=JclRTTI  ACBP=A9
 0002:00008704 00000004 C=BSS      S=.bss     G=DGROUP   M=JclMime  ACBP=A9
 0002:00008708 00000004 C=BSS      S=.bss     G=DGROUP   M=JvPropertyStoreEditorIntf ACBP=A9
 0002:0000870C 00000004 C=BSS      S=.bss     G=DGROUP   M=JclSimpleXml ACBP=A9
 0002:00008710 00000004 C=BSS      S=.bss     G=DGROUP   M=JvStrings ACBP=A9
 0002:00008714 00000004 C=BSS      S=.bss     G=DGROUP   M=JConsts  ACBP=A9
 0002:00008718 00000004 C=BSS      S=.bss     G=DGROUP   M=jpeg     ACBP=A9
 0002:0000871C 00000004 C=BSS      S=.bss     G=DGROUP   M=JvPropertyStore ACBP=A9
 0002:00008720 00000004 C=BSS      S=.bss     G=DGROUP   M=JvTranslateString ACBP=A9
 0002:00008724 00000009 C=BSS      S=.bss     G=DGROUP   M=JvAppStorage ACBP=A9
 0002:00008730 00000004 C=BSS      S=.bss     G=DGROUP   M=JvJVCLUtils ACBP=A9
 0002:00008734 00000014 C=BSS      S=.bss     G=DGROUP   M=JvSpeedButton ACBP=A9
 0002:00008748 00000004 C=BSS      S=.bss     G=DGROUP   M=SynEditTypes ACBP=A9
 0002:0000874C 00000004 C=BSS      S=.bss     G=DGROUP   M=SynEditKeyConst ACBP=A9
 0002:00008750 00000004 C=BSS      S=.bss     G=DGROUP   M=SynEditHighlighterOptions ACBP=A9
 0002:00008754 00000004 C=BSS      S=.bss     G=DGROUP   M=SynRegExpr ACBP=A9
 0002:00008758 00000004 C=BSS      S=.bss     G=DGROUP   M=SynEditStrConst ACBP=A9
 0002:0000875C 00000004 C=BSS      S=.bss     G=DGROUP   M=SynHighlighterMulti ACBP=A9
 0002:00008760 00000008 C=BSS      S=.bss     G=DGROUP   M=SynEditMiscClasses ACBP=A9
 0002:00008768 00000008 C=BSS      S=.bss     G=DGROUP   M=SynEditHighlighter ACBP=A9
 0002:00008770 00000004 C=BSS      S=.bss     G=DGROUP   M=SynEditMiscProcs ACBP=A9
 0002:00008774 00000004 C=BSS      S=.bss     G=DGROUP   M=SynEditTextBuffer ACBP=A9
 0002:00008778 0000000C C=BSS      S=.bss     G=DGROUP   M=SynUnicode ACBP=A9
 0002:00008784 00000008 C=BSS      S=.bss     G=DGROUP   M=SynTextDrawer ACBP=A9
 0002:0000878C 00000004 C=BSS      S=.bss     G=DGROUP   M=SynEditKeyCmds ACBP=A9
 0002:00008790 00000004 C=BSS      S=.bss     G=DGROUP   M=SynEditKbdHandler ACBP=A9
 0002:00008794 00000004 C=BSS      S=.bss     G=DGROUP   M=SynEditWordWrap ACBP=A9
 0002:00008798 00000010 C=BSS      S=.bss     G=DGROUP   M=SynEdit  ACBP=A9
 0002:000087A8 00000004 C=BSS      S=.bss     G=DGROUP   M=JvWndProcHook ACBP=A9
 0002:000087AC 00000008 C=BSS      S=.bss     G=DGROUP   M=JvDsgnIntf ACBP=A9
 0002:000087B4 00000010 C=BSS      S=.bss     G=DGROUP   M=JvCaptionButton ACBP=A9
 0002:000087C4 00000004 C=BSS      S=.bss     G=DGROUP   M=JvGradientCaption ACBP=A9
 0002:000087C8 00000004 C=BSS      S=.bss     G=DGROUP   M=SynHighlighterPas ACBP=A9
 0002:000087CC 00000004 C=BSS      S=.bss     G=DGROUP   M=JvStringHolder ACBP=A9
 0002:000087D0 00000004 C=BSS      S=.bss     G=DGROUP   M=CtrlMenuBarButton ACBP=A9
 0002:000087D4 00000004 C=BSS      S=.bss     G=DGROUP   M=JclVclResources ACBP=A9
 0002:000087D8 00000034 C=BSS      S=.bss     G=DGROUP   M=JclGraphUtils ACBP=A9
 0002:0000880C 0000000C C=BSS      S=.bss     G=DGROUP   M=JvMenus  ACBP=A9
 0002:00008818 00000008 C=BSS      S=.bss     G=DGROUP   M=AboutBox ACBP=A9
 0002:00008820 00000008 C=BSS      S=.bss     G=DGROUP   M=EditorForm ACBP=A9


  Address         Publics by Name

 0001:0008E86C       ..
 0002:00003E88       ..
 0001:0008E354       ..
 0001:0008D3A4       ..
 0001:0008F8D8       ..
 0001:0008CBA0       ..
 0001:0008C664       ..
 0001:0008C508       ..
 0001:0008B9D8       ..
 0001:0008B1B0       ..
 0002:00003AE8       ..
 0001:0008A204       ..
 0001:0008A0F4       ..
 0001:00088178       ..
 0001:00086C24       ..
 0002:000038E8       ..
 0001:00086954       ..
 0001:00086660       ..
 0001:000855D0       ..
 0001:00084EF8       ..
 0001:00083BF8       ..
 0002:000037DC       ..
 0001:00082FB0       ..
 0001:00082A08       ..
 0001:0008241C       ..
 0002:0000375C       ..
 0001:00081890       ..
 0002:000036DC       ..
 0001:00080B68       ..
 0001:00080428       ..
 0001:0007FF64       ..
 0001:0007FA00       ..
 0002:000036CC       ..
 0001:0007ED9C       ..
 0001:0008DA2C       ..
 0002:00007CA0       .01
 0002:000086FC       .02
 0002:00006924       .1
 0002:00006A58       .1
 0002:000087D4       .1
 0002:000068F8       .1
 0002:00006AB0       .1
 0002:00006A5C       .1
 0002:00006A60       .1
 0002:00006A64       .1
 0002:00006A68       .1
 0002:00006AC0       .1
 0002:00008714       .1
 0002:00008710       .1
 0002:0000666C       .1
 0002:000087B0       .1
 0002:00006A50       .1
 0002:00006840       .1
 0002:0000874C       .1
 0002:00008708       .1
 0002:00008704       .1
 0002:00006C08       .1
 0002:00006C10       .1
 0002:00006B00       .1
 0002:00006C1C       .1
 0002:0000696C       .1
 0002:00006C24       .1
 0002:00008758       .1
 0002:00006C30       .1
 0002:00006C38       .1
 0002:00006A40       .1
 0002:00006C50       .1
 0002:00006C54       .1
 0002:00006C58       .1
 0002:00006C5C       .1
 0002:00006C60       .1
 0002:00006C64       .1
 0002:00006680       .1
 0002:00008770       .1
 0002:0000667C       .1
 0002:00006674       .1
 0002:00007C90       .1
 0002:00006B3C       .1
 0002:00006938       .1
 0002:00006A6C       .1
 0002:000086D0       .1
 0002:000086C8       .1
 0002:00006A70       .1
 0002:0000688C       .1
 0002:00006A74       .11
 0002:000086F4       .11
 0002:00008760       .11
 0002:00006894       .12
 0002:00006AAC       .12
 0002:00006AB8       .2
 0002:000068F0       .2
 0002:00008720       .2
 0002:000086F8       .2
 0002:00008748       .2
 0002:00007C98       .2
 0002:00008794       .2
 0002:000087A8       .2
 0002:0000881C       .2
 0002:00006B24       .2
 0002:000086EC       .2
 0002:0000693C       .2
 0002:000086C0       .2
 0002:00008750       .2
 0002:000087C8       .2
 0002:00008824       .2
 0002:000087D0       .2
 0002:000087F8       .2
 0002:00007C94       .2
 0002:00008724       .21
 0002:000068F4       .21
 0002:00006948       .3
 0002:00008718       .3
 0002:000087B4       .3
 0002:00006944       .3
 0002:00006848       .3
 0002:00006C28       .3
 0002:00008754       .3
 0002:00006C2C       .3
 0002:000081A8       .3
 0002:00006AF4       .3
 0002:000086E8       .3
 0002:000086DC       .3
 0002:00006678       .3
 0002:000086B0       .3
 0002:00006BCC       .3
 0002:0000880C       .31
 0002:00006794       .35
 0002:00006B14       .36
 0002:00006A54       .4
 0002:000087C4       .4
 0002:00006AC4       .4
 0002:00008768       .4
 0002:0000871C       .4
 0002:000086E0       .4
 0002:00008780       .4
 0002:00007C8C       .4
 0002:00008790       .4
 0002:00006C18       .4
 0002:0000878C       .4
 0002:00006C3C       .41
 0002:00006BF0       .41
 0002:00006B2C       .42
 0002:0000870C       .42
 0002:00006858       .45
 0002:000086F0       .5
 0002:000067FC       .5
 0002:000065BC       .5
 0002:0000875C       .5
 0002:00006AFC       .5
 0002:00008774       .5
 0002:00006C20       .6
 0002:00006844       .6
 0002:00006980       .6
 0002:00007C9C       .62
 0002:0000879C       .7
 0002:00008784       .7
 0002:000086CC       .7
 0002:00006C34       .7
 0002:000086E4       .7
 0002:00006C78       .71
 0002:00006B50       .72
 0002:00006B04       .72
 0002:00006B30       .73
 0002:00008734       .8
 0002:00006BC8       .8
 0002:00006C0C       .8
 0002:00006B10       .8
 0002:00006AF8       .8
 0002:00008730       .8
 0002:000087CC       .8
 0002:000086D8       .81
 0002:00006820       .81
 0002:000086BC       .81
 0002:000086AC       .9
 0002:000086D4       .9
 0002:00006BE0       .9
 0002:000086B4       .91
 0002:00007CA4       .92
 0001:000019D0       @AbstractError
 0001:000026BC       @AfterConstruction
 0001:000024B0       @AsClass
 0001:000030AC       @Assert
 0001:00001B38       @AStrCmp
 0001:000026CC       @BeforeDestruction
 0001:00002238       @BoundErr
 0001:000024FC       @CallDynaInst
 0001:00002664       @ClassCreate
 0001:000026B4       @ClassDestroy
 0001:00001A40       @Close
 0001:000018B4       @Copy
 0001:000040FC       @CopyArray
 0001:00003FE0       @CopyRecord
 0001:00004268       @DispCallByIDError
 0001:0000E5C8       @DispInvokeError
 0001:00004204       @Dispose
 0001:00002B48       @DoneExcept
 0001:000046C8       @DynArrayAsg
 0001:0000468C       @DynArrayClear
 0001:000044CC       @DynArrayHigh
 0001:000044C4       @DynArrayLength
 0001:00004680       @DynArraySetLength
 0001:00002C30       @ExceptionHandler
 0001:00001D0C       @FillChar
 0001:00003FBC       @Finalize
 0001:00003ED0       @FinalizeArray
 0001:00003E84       @FinalizeRecord
 0001:00002514       @FindDynaInst
 0001:0000222C       @FpuInit
 0001:00002168       @FpuMaskInit
 0001:0000197C       @FRAC
 0001:0000173C       @FreeMem
 0001:00001BA8       @FSafeDivide
 0001:0000171C       @GetMem
 0001:00005468       @GetTls
 0001:00003094       @Halt
 0001:00002FBC       @Halt0
 0001:000027E0       @HandleAnyException
 0001:00002A94       @HandleFinally
 0001:0000290C       @HandleOnException
 0001:000054B4       @InitExe
 0001:00003E78       @Initialize
 0001:00003DE4       @InitializeArray
 0001:00003DB4       @InitializeRecord
 0001:00002E64       @InitImports
 0001:00002E3C       @InitResStringImports
 0001:00002E18       @InitResStrings
 0001:00002E88       @InitWideStrings
 0001:00004DAC       @IntfAddRef
 0001:00004D7C       @IntfCast
 0001:00004D38       @IntfClear
 0001:00004D50       @IntfCopy
 0001:00002240       @IntOver
 0001:0000248C       @IsClass
 0001:00002138       @isNECWindows
 0001:0008A044       @jcopy_block_row
 0001:00089FF8       @jcopy_sample_rows
 0001:00089FD0       @jdiv_round_up
 0001:00083B64       @jinit_1pass_quantizer
 0001:00084DD8       @jinit_2pass_quantizer
 0001:0008D7E0       @jinit_color_converter
 0001:00082DE4       @jinit_color_deconverter
 0001:0008B104       @jinit_compress_master
 0001:0008D2DC       @jinit_c_coef_controller
 0001:0008C5E0       @jinit_c_main_controller
 0001:0008C440       @jinit_c_master_control
 0001:0008CAF8       @jinit_c_prep_controller
 0001:0008E1CC       @jinit_downsampler
 0001:0008654C       @jinit_d_coef_controller
 0001:000854F0       @jinit_d_main_controller
 0001:000868C0       @jinit_d_post_controller
 0001:0008E7F0       @jinit_forward_dct
 0001:000823DC       @jinit_huff_decoder
 0001:00090534       @jinit_huff_encoder
 0001:0007FF1C       @jinit_input_controller
 0001:00086BA8       @jinit_inverse_dct
 0001:00089E74       @jinit_marker_reader
 0001:0008B984       @jinit_marker_writer
 0001:00080B30       @jinit_master_decompress
 0001:0007F8C8       @jinit_memory_mgr
 0001:00082988       @jinit_merged_upsampler
 0001:0008181C       @jinit_phuff_decoder
 0001:0008F2FC       @jinit_phuff_encoder
 0001:00087108       @jinit_upsampler
 0001:0008A064       @jpeg_abort
 0001:0008A0DC       @jpeg_alloc_huff_table
 0001:0008A0C4       @jpeg_alloc_quant_table
 0001:0008F5AC       @jpeg_fdct_float
 0001:0008F340       @jpeg_fdct_ifast
 0001:00081CC4       @jpeg_fill_bit_buffer
 0001:0007F9D4       @jpeg_free_large
 0001:0007F9C4       @jpeg_free_small
 0001:00090278       @jpeg_gen_optimal_table
 0001:0007F9CC       @jpeg_get_large
 0001:0007F9BC       @jpeg_get_small
 0001:00081E10       @jpeg_huff_decode
 0001:0008813C       @jpeg_idct_1x1
 0001:00087F4C       @jpeg_idct_2x2
 0001:00087B98       @jpeg_idct_4x4
 0001:00087320       @jpeg_idct_float
 0001:00087764       @jpeg_idct_ifast
 0001:0008FA68       @jpeg_make_c_derived_tbl
 0001:000819C8       @jpeg_make_d_derived_tbl
 0001:0007F9DC       @jpeg_mem_available
 0001:0007F9F8       @jpeg_mem_init
 0001:0007F9FC       @jpeg_mem_term
 0001:0007F9E8       @jpeg_open_backing_store
 0001:00089D40       @jpeg_resync_to_restart
 0001:0008AEC8       @jpeg_suppress_tables
 0001:00089FE0       @jround_up
 0001:0008A054       @jzero_far
 0001:000035A8       @LStrAddRef
 0001:000030F0       @LStrArrayClr
 0001:00003120       @LStrAsg
 0001:000033C0       @LStrCat
 0001:00003404       @LStrCat3
 0001:00003478       @LStrCatN
 0001:000030CC       @LStrClr
 0001:00003504       @LStrCmp
 0001:00003618       @LStrCopy
 0001:00003658       @LStrDelete
 0001:0000334C       @LStrFromArray
 0001:000032B4       @LStrFromChar
 0001:000032D4       @LStrFromPChar
 0001:000031BC       @LStrFromPCharLen
 0001:00003304       @LStrFromPWChar
 0001:00003228       @LStrFromPWCharLen
 0001:00003340       @LStrFromString
 0001:00003364       @LStrFromWArray
 0001:000032C4       @LStrFromWChar
 0001:00003380       @LStrFromWStr
 0001:000036A0       @LStrInsert
 0001:00003164       @LStrLAsg
 0001:000033B8       @LStrLen
 0001:000037A8       @LStrOfChar
 0001:000036FC       @LStrPos
 0001:00003744       @LStrSetLength
 0001:000035B8       @LStrToPChar
 0001:00003394       @LStrToString
 0001:000041F0       @New
 0001:00003190       @NewAnsiString
 0001:000037DC       @NewWideString
 0001:00001E4C       @Pow10
 0001:00001AB4       @PStrCmp
 0001:00001A98       @PStrNCpy
 0001:00002AF4       @RaiseAgain
 0001:00002ACC       @RaiseExcept
 0001:0000175C       @ReallocMem
 0001:000019A0       @ROUND
 0001:000030A0       @RunError
 0001:00001E30       @SetEq
 0001:00002DD8       @StartExe
 0001:000002FC       @strlen
 0001:000019AC       @TRUNC
 0001:00002B78       @TryFinallyExit
 0001:00003610       @UniqueStringA
 0001:00004294       @ValInt64
 0001:00001D2C       @ValLong
 0001:00013674       @VarAddRef
 0001:0000EEA8       @VarCast
 0001:0000E8B4       @VarClear
 0001:0000E8C8       @VarClr
 0001:00003EB8       @VarClr
 0001:00013F70       @VarCmpEQ
 0001:00003FC8       @VarCopy
 0001:0000EBDC       @VarCopy
 0001:00012C14       @VarFromBool
 0001:00012AA0       @VarFromByte
 0001:00012C64       @VarFromCurr
 0001:00012BBC       @VarFromCurrency
 0001:00012BE8       @VarFromDate
 0001:00012D08       @VarFromDisp
 0001:00012B90       @VarFromDouble
 0001:00012A44       @VarFromInt
 0001:00012B40       @VarFromInt64
 0001:00012A80       @VarFromInteger
 0001:00012CDC       @VarFromIntf
 0001:00012AE0       @VarFromLongWord
 0001:00012C78       @VarFromLStr
 0001:00012C3C       @VarFromReal
 0001:00012B00       @VarFromShortInt
 0001:00012B6C       @VarFromSingle
 0001:00012B20       @VarFromSmallInt
 0001:00012C50       @VarFromTDateTime
 0001:00012AC0       @VarFromWord
 0001:00012CA4       @VarFromWStr
 0001:0000E61C       @VarNull
 0001:00010674       @VarToBool
 0001:0001032C       @VarToBoolean
 0001:0000F76C       @VarToByte
 0001:00011518       @VarToCurrency
 0001:00010FB0       @VarToDate
 0001:00012998       @VarToDisp
 0001:00010840       @VarToDouble
 0001:0000FD30       @VarToInt64
 0001:0000F26C       @VarToInteger
 0001:000128CC       @VarToIntf
 0001:0000F9E4       @VarToLongWord
 0001:00011BCC       @VarToLStr
 0001:00010BBC       @VarToReal
 0001:0000F6BC       @VarToShortInt
 0001:00010BD8       @VarToSingle
 0001:0000F814       @VarToSmallInt
 0001:0000F90C       @VarToWord
 0001:000122F4       @VarToWStr
 0001:00003D94       @WStrAddRef
 0001:0000381C       @WStrArrayClr
 0001:00003840       @WStrAsg
 0001:000039F8       @WStrCat
 0001:00003A58       @WStrCat3
 0001:00003ABC       @WStrCatN
 0001:00003804       @WStrClr
 0001:00003B04       @WStrCmp
 0001:00003B88       @WStrCopy
 0001:00003BD4       @WStrDelete
 0001:00003998       @WStrFromArray
 0001:000039CC       @WStrFromLStr
 0001:0000392C       @WStrFromPChar
 0001:0000386C       @WStrFromPCharLen
 0001:0000395C       @WStrFromPWChar
 0001:000038F8       @WStrFromPWCharLen
 0001:000039B0       @WStrFromWArray
 0001:0000391C       @WStrFromWChar
 0001:00003C64       @WStrInsert
 0001:00003864       @WStrLAsg
 0001:000039EC       @WStrLen
 0001:00003D00       @WStrPos
 0001:00003D50       @WStrSetLength
 0001:000039DC       @WStrToPWChar
 0001:00001E0C       @_CLenToPasStr
 0001:00001E00       @_CToPasStr
 0001:00001884       @_IOTest
 0001:00004270       @_llmul
 0001:000CDEA0       AboutBox
 0001:0004BCBC       AbsMin
 0001:0000B410       AbstractErrorHandler
 0002:0000602C       AbstractErrorProc
 0001:000711F4       AccCtrl
 0002:00000140       AccessMode
 0001:000017EC       AcquireExceptionObject
 0001:000176E0       ActivateClassGroup
 0001:00005CAC       ActivateKeyboardLayout
 0002:00006B84       ActiveDrag
 0001:0001509C       ActiveX
 0001:0005B1CC       ActnList
 0001:00000428       AddBlockAfter
 0002:0000046C       AddDataModule
 0001:0000754C       AddExitProc
 0001:0001B498       AddFinished
 0001:000AB2EC       AddHighlightToken
 0001:0005EB24       AddIn
 0001:00004BDC       AddModuleUnloadProc
 0001:00004BCC       AddModuleUnloadProc
 0001:0001B4D0       AddNotFinished
 0001:0001BEF4       AddSubComponentsToLoaded
 0001:00025990       AdjustColor
 0001:000334BC       AdjustColors
 0001:000AAD2C       AdjustEndRect
 0001:000A1840       AdjustLastCharWidthAndRect
 0001:00065BF8       Adjustment
 0001:00005CB4       AdjustWindowRectEx
 0002:00000EB8       Alignments
 0002:00000C70       Alignments
 0002:00004000       Alignments
 0002:00000EA8       Alignments
 0002:0000091C       Alignments
 0002:000043D0       Alignments
 0002:00000B14       AlignStyles
 0001:00051444       AlignWork
 0001:0006CB80       AlignWork
 0001:00021750       AllocateHWnd
 0001:0002F75C       AllocFilterStr
 0002:00002618       AllocGranularity
 0001:00007500       AllocMem
 0002:000065B4       AllocMemCount
 0002:000065B8       AllocMemSize
 0001:0002B0D0       AllocPatternBitmap
 0001:00005410       AllocTlsBuffer
 0001:000BE014       AlphaBlend
 0002:00008800       AlphaTable
 0002:00008808       alpha_ptr
 0001:000A00D0       AncestorIsValid
 0001:0001EC54       AncestorIsValid
 0002:00000C94       AnchorAlign
 0002:00000C88       AnimateWindowProc
 0002:00000D90       AnimationStyle
 0002:00007CA8       AnsiCaseMap
 0002:000034D4       AnsiCaseMapReady
 0002:00007FA8       AnsiCharTypes
 0001:0000772C       AnsiCompareStr
 0001:00007764       AnsiCompareText
 0001:00007F24       AnsiLastChar
 0001:00005CBC       AnsiLower
 0001:000076F8       AnsiLowerCase
 0001:0000BDC8       AnsiLowerCaseFileName
 0001:0000BD90       AnsiPos
 0002:00006C14       AnsiReplacementCharacter
 0001:00063380       AnsiSameCaption
 0001:0000779C       AnsiSameText
 0001:000077B4       AnsiStrLIComp
 0001:0000BE54       AnsiStrPos
 0001:0000BEF4       AnsiStrRScan
 0001:0000BF1C       AnsiStrScan
 0001:000051AC       AnsiToUtf8
 0001:000076C4       AnsiUpperCase
 0001:00012854       AnyToIntf
 0001:00009388       AppendChars
 0001:0000974C       AppendFormat
 0001:000093EC       AppendNumber
 0001:000093CC       AppendString
 0002:00006BE8       Application
 0002:0000047C       ApplicationHandleException
 0002:00000484       ApplicationShowException
 0002:00000FE4       AppVisible
 0001:0000B3F4       AssertErrorHandler
 0002:00006024       AssertErrorProc
 0001:00090C44       AssignBitmapCell
 0001:000146D4       AssignLongStr
 0001:00014D50       AssignVariant
 0002:00000BA8       AutoExpandStyles
 0002:0000660C       avail
 0002:00003634       B64Table
 0001:00008060       BackfillGetDiskFreeSpaceEx
 0001:0004E840       BackgroundClipped
 0001:0000D47C       BackupVarBoolFromStr
 0001:0000D5DC       BackupVarBStrFromBool
 0001:0000D4FC       BackupVarBStrFromCy
 0001:0000D56C       BackupVarBStrFromDate
 0001:0000D410       BackupVarCyFromStr
 0001:0000D3A4       BackupVarDateFromStr
 0001:0000D260       BackupVarI4FromStr
 0001:0000D20C       BackupVariantChangeTypeEx
 0001:0000D2CC       BackupVarR4FromStr
 0001:0000D338       BackupVarR8FromStr
 0002:00000BC0       BandBorderStyles
 0002:00000330       BaseTypeMap
 0001:0000B9E8       Beep
 0001:00017AB4       BeginGlobalLoading
 0001:00005CC4       BeginPaint
 0001:0002599C       BetterSize
 0001:00032DAC       BevelLine
 0001:00032CBC       BevelRect
 0002:00008804       bias_ptr
 0001:0005F998       BiDiDraw
 0001:000059FC       BitBlt
 0001:0007CB9C       BitBlt
 0002:00000AA0       BitBtnCaptions
 0002:00006AC8       BitBtnGlyphs
 0002:00000790       BitCounts
 0002:00000788       BitmapCanvasList
 0002:000068AC       BitmapImageLock
 0001:0000D248       BiUnimplemented
 0002:000087F0       BlendLine
 0002:000087F4       BlendLineEx
 0002:000087E4       BlendMem
 0002:000087EC       BlendMemEx
 0002:000087E0       BlendReg
 0002:000087E8       BlendRegEx
 0002:000004A4       BlockCode
 0002:000065E4       blockDescBlockList
 0002:000065E8       blockDescFreeList
 0002:00004070       Bolds
 0002:00000450       BooleanIdents
 0002:0000032C       BooleanToStringRule
 0002:0000362C       BooleanValues
 0002:000034DC       BoolToStr
 0001:00007DBC       BoolToStr
 0001:00011954       BoolToWStrViaOS
 0002:00000B60       BorderStyles
 0002:000043AC       BorderStyles
 0002:00000BE0       BorderStyles
 0002:00000914       BorderStyles
 0001:000169DC       Bounds
 0001:00005608       Bounds
 0002:000043B8       Brackets
 0002:00000E50       Breaks
 0002:00000BE8       BreakStyles
 0002:000068E4       BrushManager
 0001:00096AAC       BufferCoord
 0001:0007DF54       BuildColorMap
 0001:00062194       BuildImage
 0001:0007DEAC       BuildPalette
 0002:000008BC       ButtonCaptions
 0002:00008738       ButtonCount
 0002:00000890       ButtonNames
 0002:00003F98       ButtonNames
 0002:00000ECC       Buttons
 0002:00004BF0       Buttons
 0001:00035318       Buttons
 0002:00000C80       ButtonStyles
 0002:00000B78       ButtonStyles
 0002:00006A80       ButtonWidths
 0001:0002517C       BytesPerScanline
 0001:000254D4       ByteSwapColors
 0001:0000BACC       ByteToCharIndex
 0001:0000BAA4       ByteToCharLen
 0001:0000BA68       ByteType
 0001:0000B9F0       ByteTypeTest
 0002:00006BD0       CachedComCtrlVer
 0002:00002620       CachedGetProcessorArchitecture
 0002:0000358C       CachedIsWindows64
 0002:00000B58       cAddMode
 0001:0002168C       CalcJmpOffset
 0001:000591EC       CalcSplitterPos
 0001:00074504       CallCPUID
 0001:00005CCC       CallNextHookEx
 0001:0000C71C       CallTerminateProcs
 0001:00005CD4       CallWindowProc
 0001:00005CDC       CallWindowProcW
 0001:0004CCF4       CancelDrag
 0002:00006B98       CanvasList
 0002:000068E8       CanvasList
 0002:00000868       Captions
 0002:00000D4C       CaptureControl
 0001:000B8594       CaretInLastRow
 0002:00007080       CaseMapping
 0002:00006C80       Categories
 0002:00000DF0       cBooleanToItemAutoFlag
 0002:00000360       CBooleanToRelationship
 0002:000043E8       CCaption
 0002:000043E0       cCaptionButton
 0002:00007880       CCCs
 0002:00004404       CDown
 0002:000043F4       CDrawFlags
 0001:0002B2F4       Ceil
 0001:000A6C88       CeilOfIntDiv
 0002:000043EC       CElements
 0002:00004408       CEnabled
 0001:00005624       CenterPoint
 0001:0002F06C       CenterWindow
 0002:00006AB6       CF_COMPONENT
 0002:00006AB4       CF_PICTURE
 0002:00006818       ChangeAnyProc
 0001:0004B274       ChangeBiDiModeAlignment
 0001:000031EC       CharFromWChar
 0001:0009B540       CharIndex2CaretPos
 0001:0009F9E8       CharInSet
 0001:0007A104       CharIsLower
 0001:00079FBC       CharIsLower
 0001:00079FD0       CharIsUpper
 0001:0007A118       CharIsUpper
 0001:0000BCA0       CharLength
 0001:00005CE4       CharLowerA
 0001:00005CF4       CharLowerBuff
 0001:00005CFC       CharLowerBuffA
 0001:00005D04       CharLowerBuffW
 0001:00005CEC       CharLowerW
 0001:0000027C       CharNext
 0001:00005D0C       CharNext
 0001:000B05B4       CharScan
 0001:00023774       CharsetToIdent
 0001:0000BBB4       CharToByteIndex
 0001:0000BC18       CharToByteLen
 0001:00005D14       CharToOemA
 0001:00005D1C       CharUpperA
 0001:00005D2C       CharUpperBuff
 0001:00005D34       CharUpperBuffA
 0001:00005D3C       CharUpperBuffW
 0001:00005D24       CharUpperW
 0001:00025F64       CheckBool
 0001:0003A940       CheckCommonControl
 0001:0000275C       CheckJmp
 0001:00005D44       CheckMenuItem
 0002:00000E40       Checks
 0001:0001BF30       CheckSubComponents
 0001:00020450       CheckSynchronize
 0001:000655F8       CheckTaskWindow
 0001:00091D7C       CheckTaskWindow
 0001:00012D34       CheckType
 0001:0004C9A8       CheckUndock
 0001:0000B8DC       CheckWin32Version
 0002:00003624       cHexPrefix
 0002:00000348       CInvalidCustomVariantType
 0002:00000DF4       cItemAutoFlagToBoolean
 0002:00000DEC       cItemAutoFlagToMenu
 0001:000218DC       Classes
 0001:000174A4       ClassNotFound
 0002:00006814       ClearAnyProc
 0001:00022FE0       ClearColor
 0001:0007352C       ClearExcepInfo
 0001:0007CEB4       ClearInfoList
 0001:00013B24       ClearVariantTypeList
 0001:00005D4C       ClientToScreen
 0001:00056790       ClientToWindow
 0001:00034DBC       Clipboard
 0002:00000780       ClipboardFormats
 0001:0009FC70       ClipboardProvidesText
 0001:00034EA8       Clipbrd
 0001:00005D54       CloseClipboard
 0001:000057B4       CloseHandle
 0002:00006988       CloseThemeData
 0002:00006040       CmdLine
 0002:0000603C       CmdShow
 0002:00000DE8       cMenuAutoFlagToItem
 0002:0000036C       CmpTypeMap
 0001:0000D254       CmpUnimplemented
 0002:000043E4       cNormalButton
 0002:00001D24       CoAddRefServerProcess
 0002:00001D1C       CoCreateInstanceEx
 0001:000797D8       CodePageFromLocale
 0001:0009FAB8       CodePageFromLocale
 0002:00001D34       CoInitFlags
 0001:00015040       CoInitialize
 0002:00001D20       CoInitializeEx
 0001:000AA58C       colEditorBG
 0001:000BAF6C       CollectionsEqual
 0001:00017D70       CollectionsEqual
 0002:00000500       Colors
 0001:0002356C       ColorToIdent
 0002:00000928       ColorToPretyName
 0001:00023538       ColorToRGB
 0002:00000FEC       ColorValues
 0001:000AA840       ColumnToXValue
 0002:000087DC       CombineMem
 0002:000087D8       CombineReg
 0001:00005A04       CombineRgn
 0002:00006C44       ComClassManagerVar
 0001:000729DC       ComConst
 0002:000068FC       ComCtl32DLL
 0002:00006B20       ComCtlVersion
 0001:0004550C       ComCtrls
 0002:00006BE4       CommandPool
 0001:0002BAAC       CommCtrl
 0001:0002E88C       CommDlg
 0001:00000708       Commit
 0002:00006628       committedRoot
 0001:000737F4       ComObj
 0001:0005E108       CompareFront
 0001:0000762C       CompareMem
 0001:000075FC       CompareStr
 0001:000057BC       CompareString
 0001:000057C4       CompareStringA
 0001:000057CC       CompareStringW
 0001:0000764C       CompareText
 0001:0007984C       CompareTextWin95
 0001:00079954       CompareTextWinNT
 0001:00007CE4       CompareWith
 0001:0001C010       ComponentCreated
 0002:00007C88       Compositions
 0001:00025D34       ComputeAldusChecksum
 0001:000AA5F0       ComputeSelectionInfo
 0001:00034778       ComStrs
 0001:00021C80       Consts
 0001:0002B690       Contnrs
 0002:00006B56       ControlAtom
 0002:00006B5C       ControlAtomString
 0001:0006A3C0       ControlHasHelp
 0001:0007B89C       ControlInGlassPaint
 0001:00059ED4       Controls
 0002:00003FC4       Conversions
 0001:0000AE08       ConvertAddr
 0001:000094DC       ConvertEraString
 0001:000074DC       ConvertErrorFmt
 0001:0009B1D0       ConvertTabs1Ex
 0001:0009B224       ConvertTabs2nEx
 0001:0009B370       ConvertTabsEx
 0001:00009644       ConvertYearString
 0001:000A7C0C       CopyAndForward
 0001:000044D4       CopyArray
 0001:0002832C       CopyBitmap
 0001:000289F4       CopyBitmapAsMask
 0001:00005A0C       CopyEnhMetaFile
 0001:00094F00       CopyImage
 0001:000A7C94       CopyPaddedAndForward
 0001:00028990       CopyPalette
 0001:0009097C       CopyParentImage
 0002:00000C0C       Copyright
 0001:000611F8       CopyToBest
 0002:00001D28       CoReleaseServerProcess
 0002:00001D2C       CoResumeClassObjects
 0002:00001D30       CoSuspendClassObjects
 0001:00015048       CoUninitialize
 0001:0000BB24       CountChars
 0002:000068C4       CounterLock
 0001:000AD7E4       CountLines
 0001:000765EC       CPUID
 0002:0000034C       CRangeToType
 0002:000035C4       crDragAlt
 0001:0000B338       CreateAssertException
 0001:0000B4C0       CreateAVObject
 0001:00005A14       CreateBitmap
 0001:00005A1C       CreateBrushIndirect
 0001:00005D5C       CreateCaret
 0001:00005A24       CreateCompatibleBitmap
 0001:00005A2C       CreateCompatibleDC
 0001:0001C090       CreateComponent
 0001:00005A3C       CreateDIBitmap
 0001:00005A34       CreateDIBSection
 0001:00091768       CreateDisabledBitmap
 0001:000914FC       CreateDisabledBitmapEx
 0001:000912D8       CreateDisabledBitmap_NewStyle
 0001:000057D4       CreateEvent
 0001:000057DC       CreateFile
 0001:00005A44       CreateFontIndirect
 0001:00005A4C       CreateHalftonePalette
 0001:00005D64       CreateIcon
 0001:0000B264       CreateInOutError
 0001:00005D6C       CreateMenu
 0001:000C8C58       CreateMenuItemPainterFromStyle
 0001:000304C4       CreateMessageDialog
 0001:00005A54       CreatePalette
 0001:00005A5C       CreatePenIndirect
 0001:00005D74       CreatePopupMenu
 0001:00005A64       CreateRectRgn
 0001:00005A6C       CreateRectRgnIndirect
 0001:0007C9BC       CreateScreenCompatibleDC
 0001:00005A74       CreateSolidBrush
 0001:0002552C       CreateSystemPalette
 0001:000057E4       CreateThread
 0001:00091930       CreateTwoColorsBrushPattern
 0001:000063E8       CreateWindow
 0001:00006390       CreateWindowEx
 0001:0007BD90       CreateWMMessage
 0002:00000804       CreationControl
 0002:00000C8C       CreationControl
 0002:0000043C       CRelationshipToBoolean
 0002:00000310       CResult
 0002:000035C8       crMultiDragAlt
 0002:000035C0       crMultiDragLink
 0002:000035CC       crMultiDragLinkAlt
 0002:00000138       cSimpleBoolStrs
 0002:000003E8       CText
 0002:000007F8       Ctl3DStyles
 0002:00000D88       Ctl3DStyles
 0001:000C7278       CtrlMenuBarButton
 0002:00006620       curAlloc
 0001:00012FC8       CurrCompare
 0002:0000668C       CurrencyDecimals
 0002:00006688       CurrencyFormat
 0002:00006684       CurrencyString
 0002:00008810       currentXPPainter
 0001:00009374       CurrentYear
 0001:00008F0C       CurrToStr
 0001:000118E4       CurrToWStrViaOS
 0002:00000F68       CursorMap
 0002:00000C9C       Cursors
 0001:0004B594       CursorToIdent
 0002:00000F58       cUseAlpha
 0002:00000F60       cUseColorKey
 0001:000079F4       CvtInt
 0001:00007A60       CvtInt64
 0002:00000178       CWNear
 0001:0007A7F8       DataError
 0001:00035518       DataTypeToRegData
 0001:00012FA0       DateCompare
 0002:0000668D       DateSeparator
 0001:00009F5C       DateTimeToStr
 0001:00009F00       DateTimeToString
 0001:00008FCC       DateTimeToTimeStamp
 0001:0001191C       DateToWStrViaOS
 0002:000035D8       Day
 0001:0000934C       DayOfWeek
 0002:00000174       DCon10
 0002:000004FC       DDBsOnly
 0001:00021804       DeallocateHWnd
 0002:00000028       DebugHook
 0002:0000668B       DecimalSeparator
 0001:0000932C       DecodeDate
 0001:000091E0       DecodeDateFully
 0001:00009080       DecodeTime
 0001:0000079C       Decommit
 0001:00000DB8       DecommitFree
 0002:000065FC       decommittedRoot
 0002:00007480       Decompositions
 0001:00068048       Default
 0001:0006D7C0       Default
 0002:00000020       Default8087CW
 0002:00000C90       DefaultDockTreeClass
 0002:00004BDC       DefaultMarginColor
 0002:00008778       DefaultSystemCodePage
 0001:0003DFD8       DefaultTreeViewSort
 0002:000065C0       DefaultUserCodePage
 0002:00000750       DefBrushData
 0002:00003F90       DefCompanyName
 0002:000004D0       DefFontData
 0001:00005D7C       DefFrameProc
 0002:00000204       DefLongDayNames
 0002:000001B8       DefLongMonthNames
 0001:00005D84       DefMDIChildProc
 0002:00000730       DefPenData
 0002:000001E8       DefShortDayNames
 0002:00000188       DefShortMonthNames
 0001:00005D8C       DefWindowProc
 0001:00005D94       DefWindowProcW
 0001:00004720       DelayLoadResourceModule
 0001:00000458       DeleteBlock
 0001:000057EC       DeleteCriticalSection
 0001:000003C8       DeleteCriticalSection
 0001:00005A7C       DeleteDC
 0001:00005A84       DeleteEnhMetaFile
 0001:00000C00       DeleteFree
 0001:00005D9C       DeleteMenu
 0001:00005A8C       DeleteObject
 0001:000AD40C       DeleteSelection
 0001:0007CE90       DeleteType
 0001:00027EE8       DeselectBitmap
 0001:000BD0BC       DesignerSelectComponent
 0002:000087AC       DesignerSelectComponentProc
 0001:000908B8       DestroyAppStoragePropertyEngineList
 0001:00005DA4       DestroyCaret
 0001:00005DAC       DestroyCursor
 0001:00005DB4       DestroyIcon
 0001:00035248       DestroyLocals
 0001:00005DBC       DestroyMenu
 0001:00005DC4       DestroyWindow
 0001:00048B1C       DialogEnumerationTester
 0001:0002F120       DialogHook
 0001:00030D14       Dialogs
 0002:0000078C       DIBPalSizes
 0002:0000008C       dig
 0001:0006544C       DisableTaskWindows
 0001:00072F40       DispatchInvoke
 0001:00073520       DispatchInvokeError
 0001:0007BE8C       DispatchIsDesignMsg
 0001:00005DCC       DispatchMessage
 0001:0006B6A0       DispatchShortCut
 0001:0007353C       DispCall
 0001:00073620       DispCallByID
 0002:00006000       DispCallByIDProc
 0001:0007344C       DispCallError
 0001:00096AA4       DisplayCoord
 0001:000074C0       DivMod
 0001:0002B2D8       DivMod
 0001:0002E8C4       Dlgs
 0001:000512D4       DoAlign
 0001:0006CA34       DoAlign
 0001:00055450       DoCalcConstraints
 0002:00006B8C       DockSiteList
 0001:00061E60       DoClick
 0001:00052A18       DoControlMsg
 0001:000653FC       DoDisableWindow
 0001:0004C2D4       DoDragOver
 0001:00007520       DoExitProc
 0001:000574C0       DoFindControlZone
 0001:00065538       DoFindWindow
 0001:00057A4C       DoFindZone
 0001:00057544       DoForEach
 0001:00058E50       DoGetNextLimit
 0001:000653C4       DoneApplication
 0001:00059C18       DoneControls
 0001:0000B7EC       DoneExceptions
 0001:00069A1C       DoNestedActivation
 0001:00020410       DoneThreadSynchronization
 0001:00050E94       DoPosition
 0001:0006C884       DoPosition
 0001:00058478       DoPrune
 0001:00032520       DoRect
 0001:00058950       DoSaveZone
 0001:00058B54       DoSetNewBounds
 0002:00000458       DotSep
 0001:0009AF30       DoWideLowerCase
 0001:00019548       DoWrite
 0001:0009DCF0       DoWrite
 0001:000261BC       DoWrite
 0001:00027004       DoWrite
 0001:000BCAA4       DoWrite
 0001:0005C730       DoWrite
 0001:00052000       DoWriteDesignSize
 0001:0004F958       DoWriteIsControl
 0001:0002E6D0       DragAcceptFiles
 0002:00006B70       DragCapture
 0002:00006B64       DragControl
 0001:0004CA1C       DragDone
 0001:0004C284       DragFindTarget
 0001:0004C258       DragFindWindow
 0001:0002E6D8       DragFinish
 0002:00006B88       DragImageList
 0001:0004C674       DragInit
 0001:0004C7E4       DragInitControl
 0002:00006B6C       DragInternalObject
 0001:0004C1A0       DragMessage
 0002:00006B68       DragObject
 0001:0002E6E0       DragQueryFile
 0001:0002E6E8       DragQueryFileA
 0001:0002E6F0       DragQueryFileW
 0001:0002E6F8       DragQueryPoint
 0002:00006B94       DragSave
 0002:00006B7C       DragSaveCursor
 0002:00006B74       DragStartPos
 0002:00000B90       DragStyles
 0002:00006B80       DragThreshold
 0001:0004C3A4       DragTo
 0001:0006D7FC       DrawAppIcon
 0002:00003F94       DrawBitmap
 0001:00091288       DrawBitmapTransparent
 0001:00034FD8       DrawButtonFace
 0001:00093394       DrawButtonFrame
 0001:00057FE4       DrawCloseButton
 0001:00005DD4       DrawEdge
 0001:00005DDC       DrawFrameControl
 0001:0007B8D0       DrawGlassableImageList
 0001:0007B8A0       DrawGlassableText
 0001:0005803C       DrawGrabberLine
 0001:00005DE4       DrawIcon
 0001:00005DEC       DrawIconEx
 0002:00000DC4       DrawingStyles
 0001:000A9658       DrawMark
 0001:000965D8       DrawMark
 0001:00005DF4       DrawMenuBar
 0001:000631A0       DrawMenuItem
 0001:000A9858       DrawModification
 0001:000C24B4       DrawStr
 0001:0007CB3C       DrawText
 0001:00005DFC       DrawText
 0001:0007CB70       DrawText
 0001:00005E04       DrawTextA
 0002:0000698C       DrawThemeBackground
 0002:000069B0       DrawThemeEdge
 0002:000069B4       DrawThemeIcon
 0002:00006A38       DrawThemeParentBackground
 0002:00006990       DrawThemeText
 0001:000077D4       DumbItDownFor95
 0001:00024FFC       DupBits
 0001:000BD92C       DupBits
 0001:000044EC       DynArrayClear
 0001:000044F4       DynArraySetLength
 0002:00000EB0       EdgeStyle
 0002:00000D78       EdgeStyles
 0001:000CF56C       Editor
 0002:00004078       EditorCommandStrs
 0001:000A2678       EditorCommandToCodeString
 0001:000A2668       EditorCommandToIdent
 0001:000CF0B4       EditorForm
 0002:00000B80       EditStyles
 0001:0000B238       EHeapException.FreeInstance
 0001:0007D53C       EmitMessage
 0001:00005E0C       EmptyClipboard
 0001:00012E2C       EmptyCompare
 0002:00006800       EmptyParam
 0002:000000BC       EmptyStr
 0002:000000C0       EmptyWideStr
 0001:00005E14       EnableMenuItem
 0002:00000E48       Enables
 0001:00005E1C       EnableScrollBar
 0001:00065500       EnableTaskWindows
 0002:00006A20       EnableThemeDialogTexture
 0002:00006A3C       EnableTheming
 0001:00005E24       EnableWindow
 0001:00017B3C       EndGlobalLoading
 0001:00005E2C       EndPaint
 0001:000057F4       EnterCriticalSection
 0001:000003B8       EnterCriticalSection
 0001:000057FC       EnumCalendarInfoA
 0001:00005E34       EnumClipboardFormats
 0002:00006920       EnumDisplayMonitors
 0001:0000AA7C       EnumEraNames
 0001:0000AAB8       EnumEraYearOffsets
 0001:0006860C       EnumMonitorsProc
 0001:00005E3C       EnumThreadWindows
 0001:0001B840       EnumValue
 0001:00005E44       EnumWindows
 0001:00072C70       EOleException.Create
 0001:00072BA0       EOleSysError.Create
 0001:00005E4C       EqualRect
 0002:00006754       EraNames
 0001:0000A1D4       EraToYear
 0002:00006770       EraYearOffsets
 0002:00000064       errCaption
 0001:0005DE20       Error
 0001:0001B024       Error
 0001:00017048       Error
 0001:00001878       Error
 0002:00000004       ErrorAddr
 0001:0000182C       ErrorAt
 0001:0000B2E4       ErrorHandler
 0002:00000220       ErrorMap
 0002:00006008       ErrorProc
 0002:000063E8       ErrOutput
 0001:000017CC       ExceptAddr
 0002:0000600C       ExceptClsProc
 0001:0000B758       ExceptHandler
 0001:0000B064       Exception.Create
 0001:0000B0A0       Exception.CreateFmt
 0001:0000B1F0       Exception.CreateHelp
 0001:0000B120       Exception.CreateRes
 0001:0000B15C       Exception.CreateResFmt
 0002:0000601C       ExceptionClass
 0001:0000AE14       ExceptionErrorMessage
 0002:00000258       ExceptMap
 0001:000017AC       ExceptObject
 0002:00006010       ExceptObjProc
 0002:00006004       ExceptProc
 0001:00005A94       ExcludeClipRect
 0002:00000000       ExitCode
 0001:00002F00       ExitDll
 0002:00006048       ExitProc
 0001:00000284       ExitProcess
 0002:00006028       ExitProcessProc
 0002:00000134       ExitProcList
 0001:00008024       ExpandFileName
 0001:0002F3F8       ExplorerHook
 0001:00035ED4       ExtActns
 0001:000346C0       ExtCtrls
 0001:00035370       ExtDlgs
 0001:00007FDC       ExtractFileExt
 0001:0002FA70       ExtractFileName
 0001:00007FA4       ExtractFileName
 0001:0002FAB8       ExtractFileNames
 0001:00005A9C       ExtTextOutW
 0002:00006790       FalseBoolStrs
 0002:00006ABC       FClipboard
 0002:00000168       FCon1E18
 0001:00007F1C       FileClose
 0001:00007E60       FileCreate
 0001:00007E84       FileCreate
 0002:00000784       FileFormats
 0002:00000008       FileMode
 0001:00007E08       FileOpen
 0001:00007E8C       FileRead
 0002:00000494       FilerSignature
 0001:00007EE4       FileSeek
 0001:00007EB8       FileWrite
 0001:00000CE8       FillAfterGap
 0001:00000C94       FillBeforeGap
 0001:00000D80       FillerSizeAfterGap
 0001:00000D10       FillerSizeBeforeGap
 0001:00005E54       FillRect
 0001:000C0D94       Finalization
 0001:0002C27C       Finalization
 0001:00034748       Finalization
 0001:00034678       Finalization
 0001:000461AC       Finalization
 0001:000A4D2C       Finalization
 0001:0002D264       Finalization
 0001:0006FA00       Finalization
 0001:0002D2AC       Finalization
 0001:0002D2E4       Finalization
 0001:0006FD38       Finalization
 0001:00073944       Finalization
 0001:0002D608       Finalization
 0001:00070950       Finalization
 0001:0007390C       Finalization
 0001:000738D4       Finalization
 0001:00071030       Finalization
 0001:0007388C       Finalization
 0001:0002D7B4       Finalization
 0001:00071184       Finalization
 0001:0001506C       Finalization
 0001:000711C4       Finalization
 0001:00014FB4       Finalization
 0001:0002E138       Finalization
 0001:000141AC       Finalization
 0001:00071204       Finalization
 0001:0002E1A8       Finalization
 0001:0007123C       Finalization
 0001:0007384C       Finalization
 0001:00013F80       Finalization
 0001:00073774       Finalization
 0001:00071274       Finalization
 0001:0002E698       Finalization
 0001:0002E700       Finalization
 0001:000BBF64       Finalization
 0001:0002E738       Finalization
 0001:00030CB8       Finalization
 0001:0002E770       Finalization
 0001:00072890       Finalization
 0001:0002E7A8       Finalization
 0001:000728E0       Finalization
 0001:0002E814       Finalization
 0001:00072940       Finalization
 0001:000729AC       Finalization
 0001:000BD068       Finalization
 0001:0002E85C       Finalization
 0001:0002C1FC       Finalization
 0001:000A3CBC       Finalization
 0001:000C2F2C       Finalization
 0001:000A3608       Finalization
 0001:00034E6C       Finalization
 0001:00034F00       Finalization
 0001:000352E0       Finalization
 0001:00035340       Finalization
 0001:00035390       Finalization
 0001:00035DC8       Finalization
 0001:00035E2C       Finalization
 0001:00035E84       Finalization
 0001:000A1AE8       Finalization
 0001:00035EDC       Finalization
 0001:0002BA7C       Finalization
 0001:000A0A18       Finalization
 0001:00076F1C       Finalization
 0001:00047F98       Finalization
 0001:000C6A40       Finalization
 0001:00048110       Finalization
 0001:000C70D8       Finalization
 0001:00045494       Finalization
 0001:00048D94       Finalization
 0001:000C7248       Finalization
 0001:000C7280       Finalization
 0001:0009D58C       Finalization
 0001:0002B660       Finalization
 0001:0009B9B0       Finalization
 0001:000799D4       Finalization
 0001:0002B390       Finalization
 0001:0009B0EC       Finalization
 0001:0002B108       Finalization
 0001:00079B80       Finalization
 0001:00079BC4       Finalization
 0001:00099310       Finalization
 0001:00079BFC       Finalization
 0001:000970AC       Finalization
 0001:0000D9A8       Finalization
 0001:00079E44       Finalization
 0001:00097074       Finalization
 0001:00096F40       Finalization
 0001:00079E94       Finalization
 0001:00079ECC       Finalization
 0001:00096E30       Finalization
 0001:00096AEC       Finalization
 0001:00096AB4       Finalization
 0001:00096974       Finalization
 0001:0007A008       Finalization
 0001:0009230C       Finalization
 0001:0007A14C       Finalization
 0001:0007B3DC       Finalization
 0001:0007B580       Finalization
 0001:0007B620       Finalization
 0001:000908D4       Finalization
 0001:00090880       Finalization
 0001:00090830       Finalization
 0001:000C7860       Finalization
 0001:0007BAE8       Finalization
 0001:00090578       Finalization
 0001:0007BB64       Finalization
 0001:00006538       Finalization
 0001:0000CFEC       Finalization
 0001:0006347C       Finalization
 0001:00006570       Finalization
 0001:00059E6C       Finalization
 0001:0007C334       Finalization
 0001:0007C36C       Finalization
 0001:0007C3A4       Finalization
 0001:00006888       Finalization
 0001:000CDBF8       Finalization
 0001:0007C3DC       Finalization
 0001:000CDE70       Finalization
 0001:0007C414       Finalization
 0001:00005650       Finalization
 0001:0007C7C8       Finalization
 0001:0007C800       Finalization
 0001:0002E894       Finalization
 0001:000CF084       Finalization
 0001:000BD0CC       Finalization
 0001:0007CBC8       Finalization
 0001:0005CE80       Finalization
 0001:000054F8       Finalization
 0001:0007CC80       Finalization
 0001:000CF0BC       Finalization
 0001:0007CCB8       Finalization
 0001:0007CCF0       Finalization
 0001:0007CE08       Finalization
 0001:00021C50       Finalization
 0001:0002182C       Finalization
 0001:0005B19C       Finalization
 0001:0007CFCC       Finalization
 0001:0007D028       Finalization
 0001:0007D060       Finalization
 0001:0007D0BC       Finalization
 0001:000052C8       Finalization
 0001:0007D244       Finalization
 0001:0007D1D4       Finalization
 0001:00079B48       Finalization
 0001:000044E4       FinalizeArray
 0001:00073888       FinalizeSnmp
 0001:00076A3C       FinalizeSysInfo
 0001:00002D18       FinalizeUnits
 0001:0007BA78       FinalizeWMPrintClientFix
 0001:00061C20       Find
 0001:0001E374       FindAncestor
 0001:00004790       FindBS
 0001:00017564       FindClass
 0001:00004718       FindClassHInstance
 0001:00000294       FindClose
 0001:00000C64       FindCommitted
 0001:000431C4       FindControl
 0001:0004B374       FindControl
 0001:00057C78       FindControlAtPos
 0001:00013DC8       FindCustomVariantType
 0001:00013E80       FindCustomVariantType
 0001:0004CD40       FindDragTarget
 0001:0001C240       FindExistingComponent
 0001:0000029C       FindFirstFile
 0001:00065644       FindGlobalComponent
 0001:000179CC       FindGlobalComponent
 0002:00006864       FindGlobalComponentProcs
 0001:000046F0       FindHInstance
 0001:00017874       FindIdentToInt
 0001:00099114       FindImageInList
 0001:000177F8       FindIntToIdent
 0002:00006A7C       FindMsg
 0001:0001B3D0       FindNestedComponent
 0001:0005DDE8       FindPopupControl
 0001:000C9688       FindPopupControl
 0001:0000D670       FindProc
 0001:00005804       FindResource
 0001:00004768       FindResourceHInstance
 0001:0006F254       FindScanline
 0001:0006559C       FindTopMostWindow
 0001:0001D124       FindUniqueName
 0001:0001396C       FindVarData
 0001:0004CD0C       FindVCLWindow
 0001:00005E5C       FindWindow
 0001:00048B74       FindWinHelp
 0001:0007B9B8       FindWMPrintClient
 0001:000B861C       FirstCharInRow
 0002:00000BF0       FixedBmpStyles
 0002:00000BF8       FixedSizeStyles
 0002:00000BC8       FixedStyles
 0001:0007B944       FixedWMPrintClient
 0001:000282E0       FixupBitFields
 0002:00000EC0       Flags
 0002:00004BE4       Flags
 0002:000067A0       FLanguages
 0001:0002D638       FlatSB
 0002:0000694C       FlatSB_EnableScrollBar
 0002:00006958       FlatSB_GetScrollInfo
 0002:0000695C       FlatSB_GetScrollPos
 0002:00006954       FlatSB_GetScrollRange
 0002:00006964       FlatSB_SetScrollInfo
 0002:00006960       FlatSB_SetScrollPos
 0001:0002D328       FlatSB_SetScrollProp
 0002:00006968       FlatSB_SetScrollRange
 0002:00006950       FlatSB_ShowScrollBar
 0001:00008B9C       FloatToDecimal
 0001:00008EDC       FloatToStr
 0001:000088C8       FloatToText
 0001:00001A34       Flush
 0002:0000017C       FMSecsPerDay
 0001:000087C4       FmtStr
 0002:00000EDC       FocusCount
 0002:00000ED8       FocusMessages
 0002:000006A0       FontCharsets
 0002:000068DC       FontManager
 0001:000B2E4C       ForceCaretX
 0002:00000800       ForceCurrentDirectory
 0001:00065618       ForegroundTask
 0002:00008820       Form1
 0001:000087B0       Format
 0002:00000184       Format
 0001:000083B8       FormatBuf
 0001:000083AC       FormatClearStr
 0001:00008330       FormatError
 0002:00000160       FormatErrorStrs
 0001:0000580C       FormatMessage
 0001:0007D544       FormatMessage
 0001:00008388       FormatVarToStr
 0001:0006FA5C       Forms
 0001:00001E44       FPower10
 0002:000007DC       FPrinter
 0001:000325E4       Frame3D
 0001:00005E64       FrameRect
 0001:000C7570       FreeAlphaTable
 0001:0000CBCC       FreeAndNil
 0001:000009D0       FreeCommitted
 0001:00000EF0       FreeCurAlloc
 0001:0004CE00       FreeDeviceContext
 0001:0004CEBC       FreeDeviceContexts
 0001:000215F8       FreeIntConstList
 0001:000002A4       FreeLibrary
 0001:00005814       FreeLibrary
 0001:00027E3C       FreeMemoryContexts
 0001:000656D8       FreeObjectInstance
 0001:0002172C       FreeObjectInstance
 0001:00005824       FreeResource
 0001:00000650       FreeSpace
 0001:0000C738       FreeTerminateProcs
 0001:0002D7EC       FreeThemeLibrary
 0001:0007CE40       FreeTypeData
 0001:000799C8       FreeUnicodeData
 0002:00006B1C       FRichEditModule
 0001:00024FEC       GDICheck
 0001:00024F44       GDIError
 0001:00005AA4       GdiFlush
 0001:000C74F4       GenAlphaTable
 0001:00099920       Get
 0001:00001974       Get8087CW
 0001:0000582C       GetACP
 0001:00005E6C       GetActiveWindow
 0001:0006CF10       GetAnimation
 0001:0002FE20       GetAveCharSize
 0001:0009B4C8       GetBestConvertTabsProcEx
 0001:00005AAC       GetBitmapBits
 0001:000003D0       GetBlockDesc
 0001:00005AB4       GetBrushOrgEx
 0001:0009357C       GetBrushPattern
 0001:00006350       GetBValue
 0001:00005E74       GetCapture
 0001:0004B63C       GetCaptureControl
 0001:00005ABC       GetCharABCWidths
 0001:00005AC4       GetCharABCWidthsA
 0001:00005ACC       GetCharABCWidthsW
 0001:00017510       GetClass
 0001:00005E7C       GetClassInfo
 0001:00005E84       GetClassName
 0001:00005E8C       GetClientRect
 0001:00005E94       GetClipboardData
 0001:00026A54       GetClipboardFormats
 0001:0009FC8C       GetClipboardText
 0001:00005AD4       GetClipBox
 0001:00005ADC       GetClipRgn
 0001:0000036C       GetCmdShow
 0001:0005B3F4       GetColor
 0001:0003A968       GetComCtlVersion
 0001:000002AC       GetCommandLine
 0001:0000081C       GetCommitted
 0001:000008AC       GetCommittedAt
 0001:0001F704       GetComponentValue
 0001:000525CC       GetControlAtPos
 0001:00009438       GetCount
 0001:00005834       GetCPInfo
 0001:00005AE4       GetCurrentPositionEx
 0001:0000583C       GetCurrentProcessId
 0002:00006A30       GetCurrentThemeName
 0001:00005844       GetCurrentThreadId
 0001:0000035C       GetCurrentThreadId
 0001:000062D4       GetCurrentTime
 0001:00005E9C       GetCursor
 0001:0006F264       GetCursorHeightMargin
 0001:00005EA4       GetCursorPos
 0001:00009464       GetDate
 0001:0000584C       GetDateFormat
 0001:0000A0EC       GetDateOrder
 0001:00005EAC       GetDC
 0001:00005EB4       GetDCEx
 0001:00005AEC       GetDCOrgEx
 0001:0002AD18       GetDefFontCharSet
 0001:000B8D00       GetDelLen
 0001:00018B48       GetDesigner
 0001:00005EBC       GetDesktopWindow
 0001:00005B04       GetDeviceCaps
 0001:00025F4C       GetDIB
 0001:00005AF4       GetDIBColorTable
 0001:00005AFC       GetDIBits
 0001:00025E94       GetDIBSizes
 0001:0002515C       GetDInColors
 0001:00005854       GetDiskFreeSpaceA
 0002:00000130       GetDiskFreeSpaceEx
 0001:000452C8       GetDisplaySize
 0001:00005EC4       GetDlgItem
 0001:00058F30       GetDockAlign
 0001:0004BFE4       GetDockSiteAtPos
 0001:0004C310       GetDropCtl
 0001:000024CC       GetDynaMethod
 0001:0007B5DC       GetDynamicAddressList
 0001:0007B5D4       GetDynamicIndexList
 0001:0007B5C8       GetDynamicMethodCount
 0001:00005B0C       GetEnhMetaFileBits
 0001:00005B14       GetEnhMetaFileHeader
 0001:00005B1C       GetEnhMetaFilePaletteEntries
 0001:0001425C       GetEnumName
 0001:00014334       GetEnumNameValue
 0001:00014380       GetEnumValue
 0001:0009B6A4       GetEOL
 0001:0000AB30       GetEraNamesAndYearOffsets
 0001:0000A180       GetEraYearOffset
 0001:00015058       GetErrorInfo
 0001:0000B4A8       GetExceptionClass
 0001:0000B68C       GetExceptionObject
 0001:0009B4F0       GetExpandedLength
 0001:00017498       GetFieldClassTable
 0001:00026A34       GetFileFormats
 0001:0000B8FC       GetFileVersion
 0001:000059E4       GetFileVersionInfo
 0001:000059EC       GetFileVersionInfoSize
 0001:00014A40       GetFloatProp
 0001:00005ECC       GetFocus
 0001:00023794       GetFontData
 0001:000A0CC0       GetFontsInfoManager
 0001:00005ED4       GetForegroundWindow
 0001:0000C1BC       GetFormatSettings
 0001:0000585C       GetFullPathName
 0001:0007B898       GetGlassPaintFlag
 0001:0000634C       GetGValue
 0001:000BD9DC       GetHasAlphaChannel
 0001:00022CDC       GetHashCode
 0001:0009B1A0       GetHasTabs
 0001:0006A3F8       GetHelpInfo
 0001:0002C6FC       GetHelpSystem
 0001:000932CC       GetHighlightColor
 0001:0006CCF4       GetHint
 0001:0007BDE0       GetHintColor
 0001:0006CD2C       GetHintControl
 0001:0006331C       GetHotkey
 0001:00005EDC       GetIconInfo
 0001:000732B8       GetIDsOfNames
 0001:00014E5C       GetInt64Prop
 0001:00014EC0       GetInterfaceProp
 0001:00005EF4       GetKeyboardLayout
 0001:00005EFC       GetKeyboardLayoutList
 0001:00005F04       GetKeyboardState
 0001:00002130       GetKeyboardType
 0001:00005EE4       GetKeyNameText
 0001:00005EEC       GetKeyState
 0001:00005F0C       GetLastActivePopup
 0001:000571F8       GetLastChildZone
 0001:00005864       GetLastError
 0001:0000A8F4       GetLocaleChar
 0001:00005874       GetLocaleInfo
 0001:000002B4       GetLocaleInfo
 0001:0000A8A8       GetLocaleStr
 0001:0000586C       GetLocalTime
 0001:0004B5F8       GetLongHint
 0001:000146E8       GetLongStrProp
 0001:00005B24       GetMapMode
 0001:00005F14       GetMenu
 0001:0006A380       GetMenuHelpContext
 0001:00005F1C       GetMenuItemCount
 0001:00005F24       GetMenuItemID
 0001:00005F2C       GetMenuItemInfo
 0001:00005F34       GetMenuItemRect
 0001:00060424       GetMenuSize
 0001:00005F3C       GetMenuState
 0001:00005F44       GetMenuString
 0001:00005F4C       GetMessagePos
 0001:00014DE4       GetMethodProp
 0001:0000587C       GetModuleFileName
 0001:000002BC       GetModuleFileName
 0001:00005884       GetModuleHandle
 0001:000053F0       GetModuleHandle
 0001:000002C4       GetModuleHandle
 0001:00079C34       GetModulePath
 0002:00006914       GetMonitorInfo
 0002:00006918       GetMonitorInfoA
 0002:0000691C       GetMonitorInfoW
 0001:0000A958       GetMonthDayNames
 0002:000087A4       GetMsgHook
 0001:000BBED4       GetMsgProc
 0001:0007440C       GetNativeSystemInfo
 0001:00005B2C       GetNearestColor
 0001:00005F54       GetNextWindow
 0001:00005B34       GetObject
 0001:00005B3C       GetObjectA
 0001:00005B44       GetObjectW
 0001:0002E84C       GetOpenFileName
 0001:00014510       GetOrdProp
 0001:00005B4C       GetPaletteEntries
 0001:00005F5C       GetParent
 0001:0006584C       GetParentForm
 0001:00005B54       GetPixel
 0001:0000588C       GetProcAddress
 0001:000002CC       GetProcAddress
 0001:00074474       GetProcessorArchitecture
 0001:00005F64       GetProp
 0001:00014230       GetPropInfo
 0001:000143E4       GetPropInfo
 0001:00014454       GetPropInfo
 0001:00014210       GetPropInfo
 0001:0001448C       GetPropInfos
 0001:00065D0C       GetRealScrollPosition
 0001:0005B3D4       GetRGBColor
 0001:00006348       GetRValue
 0001:0002E854       GetSaveFileName
 0001:000AFCCC       GetScrollHint
 0001:00005F6C       GetScrollInfo
 0001:00005F74       GetScrollPos
 0001:00005F7C       GetScrollRange
 0001:00093334       GetShadowColor
 0001:0004B5B4       GetShortHint
 0001:000145E0       GetShortStrProp
 0001:00014678       GetShortStrPropAsLongStr
 0001:00000574       GetSpace
 0001:000005D8       GetSpaceAt
 0001:0005DEB0       GetSpecialName
 0001:000002D4       GetStartupInfo
 0001:00005894       GetStdHandle
 0001:00000254       GetStdHandle
 0001:00005B5C       GetStockObject
 0001:0000589C       GetStringTypeEx
 0001:000058A4       GetStringTypeExA
 0001:00014818       GetStrProp
 0001:00005F84       GetSubMenu
 0001:00005F8C       GetSysColor
 0001:00005F94       GetSysColorBrush
 0001:000058AC       GetSystemInfo
 0001:00005F9C       GetSystemMenu
 0001:00005FA4       GetSystemMetrics
 0002:00006904       GetSystemMetrics
 0001:00005B64       GetSystemPaletteEntries
 0001:00005B7C       GetTextExtentPoint
 0001:00005B6C       GetTextExtentPoint32
 0001:00005B74       GetTextExtentPoint32W
 0001:00005B84       GetTextMetrics
 0001:00005B8C       GetTextMetricsA
 0001:0009FBCC       GetTextSize
 0002:00006A28       GetThemeAppProperties
 0002:00006994       GetThemeBackgroundContentRect
 0002:00006998       GetThemeBackgroundExtent
[...]
  2279 0001:000CAA95  2281 0001:000CAAC9  2282 0001:000CAAD3  2283 0001:000CAB05
  2284 0001:000CAB0B  2288 0001:000CAB19  2291 0001:000CAB68  2292 0001:000CAB77
  2293 0001:000CAB85  2294 0001:000CAB9E  2295 0001:000CABB0  2296 0001:000CABE8
  2297 0001:000CABFD  2298 0001:000CAC12  2300 0001:000CAC37  2304 0001:000CAC47
  2306 0001:000CAC4D  2308 0001:000CAC56  2309 0001:000CAC69  2313 0001:000CAC79
  2314 0001:000CAC83  2316 0001:000CACA1  2317 0001:000CACAB  2318 0001:000CACC7
  2347 0001:000CACD0  2351 0001:000CAD0D  2354 0001:000CAD23  2370 0001:000CAD36
  2372 0001:000CAD52  2373 0001:000CAD5A  2374 0001:000CAD61  2376 0001:000CAD76
  2377 0001:000CAD97  2379 0001:000CADA0  2380 0001:000CADC8  2374 0001:000CADC9
  2389 0001:000CADCC  2392 0001:000CADE0  2394 0001:000CADF0  2395 0001:000CAE13
  2396 0001:000CAE49  2397 0001:000CAE63  2398 0001:000CAE82  2399 0001:000CAE94
  2400 0001:000CAEA6  2402 0001:000CAEBB  2406 0001:000CAEE2  2407 0001:000CAF03
  2408 0001:000CAF3A  2409 0001:000CAF54  2410 0001:000CAF73  2411 0001:000CAF83
  2412 0001:000CAF93  2414 0001:000CAFA6  2416 0001:000CAFC8  2417 0001:000CAFF0
  2422 0001:000CB016  2424 0001:000CB02A  2425 0001:000CB037  2426 0001:000CB044
  2430 0001:000CB04E  2434 0001:000CB059  2435 0001:000CB062  2438 0001:000CB073
  2440 0001:000CB082  2441 0001:000CB08E  2442 0001:000CB099  2444 0001:000CB0A4
  2447 0001:000CB0B2  2448 0001:000CB0B8  2450 0001:000CB0C6  2452 0001:000CB0D0
  2457 0001:000CB0DE  2458 0001:000CB102  2462 0001:000CB10D  2465 0001:000CB120
  2469 0001:000CB12C  2470 0001:000CB141  2472 0001:000CB151  2476 0001:000CB15F
  2477 0001:000CB165  2479 0001:000CB178  2484 0001:000CB18B  2489 0001:000CB1BE
  2490 0001:000CB1D3  2492 0001:000CB1E3  2494 0001:000CB1F1  2500 0001:000CB1FF
  2502 0001:000CB213  2503 0001:000CB215  2504 0001:000CB21B  2506 0001:000CB222
  2507 0001:000CB228  2509 0001:000CB22F  2510 0001:000CB235  2511 0001:000CB23A
  2512 0001:000CB23F  2513 0001:000CB241  2514 0001:000CB250  2515 0001:000CB25E
  2516 0001:000CB275  2518 0001:000CB294  2522 0001:000CB2A4  2526 0001:000CB2B5
  2532 0001:000CB2D1  2534 0001:000CB2E6  2535 0001:000CB2F4  2542 0001:000CB2FF
  2544 0001:000CB311  2553 0001:000CB327  2554 0001:000CB35B  2555 0001:000CB364
  2557 0001:000CB380  2563 0001:000CB395  2564 0001:000CB40B  2565 0001:000CB41C
  2557 0001:000CB41D  2569 0001:000CB424  2570 0001:000CB436  2571 0001:000CB44C
  2574 0001:000CB471  2581 0001:000CB4BC  2589 0001:000CB500  2594 0001:000CB5FC
  2599 0001:000CB600  2604 0001:000CB604  2607 0001:000CB608  2608 0001:000CB60C
  2610 0001:000CB659  2614 0001:000CB65C  2615 0001:000CB662  2617 0001:000CB668
  2618 0001:000CB66D  2621 0001:000CB670  2622 0001:000CB674  2624 0001:000CB69A
  2634 0001:000CB6A0  2635 0001:000CB6C6  2641 0001:000CB6D7  2642 0001:000CB6E8
  2647 0001:000CB715  2649 0001:000CB71E  2650 0001:000CB723  2652 0001:000CB727
  2667 0001:000CB732  2673 0001:000CB748  2674 0001:000CB789  2675 0001:000CB78F
  2676 0001:000CB794  2681 0001:000CB797  2682 0001:000CB7AA  2684 0001:000CB7AE
  2690 0001:000CB7BF  2691 0001:000CB818  2692 0001:000CB81E  2693 0001:000CB823
  2695 0001:000CB826  2667 0001:000CB827  2697 0001:000CB830  2700 0001:000CB833
  2703 0001:000CB839  2704 0001:000CB83C  2707 0001:000CB851  2708 0001:000CB857
  2711 0001:000CB86C  2712 0001:000CB8AE  2718 0001:000CB8D8  2719 0001:000CB8E8
  2721 0001:000CB90D  2723 0001:000CB91E  2724 0001:000CB924  2725 0001:000CB92A
  2727 0001:000CB964  2728 0001:000CB973  2731 0001:000CB99C  2732 0001:000CB9BE
  2733 0001:000CB9D6  2735 0001:000CB9FA  2739 0001:000CBA02  2740 0001:000CBA1B
  2742 0001:000CBA3D  2747 0001:000CBA58  2750 0001:000CBA5C  2751 0001:000CBA65
  2752 0001:000CBA70  2755 0001:000CBA99  2757 0001:000CBACA  2760 0001:000CBAD0
  2761 0001:000CBAD9  2762 0001:000CBAEA  2765 0001:000CBB13  2767 0001:000CBB3A
  2781 0001:000CBB40  2782 0001:000CBB51  2783 0001:000CBB61  2784 0001:000CBB75
  2785 0001:000CBB92  2786 0001:000CBBB1  2791 0001:000CBBB8  2794 0001:000CBBBC
  2795 0001:000CBBBF  2797 0001:000CBBDF  2800 0001:000CBBE4  2801 0001:000CBBE7
  2802 0001:000CBBF2  2804 0001:000CBBFB  2805 0001:000CBBFD  2808 0001:000CBC00
  2809 0001:000CBC03  2810 0001:000CBC0E  2812 0001:000CBC17  2813 0001:000CBC19
  2816 0001:000CBC1C  2817 0001:000CBC21  2818 0001:000CBC2C  2821 0001:000CBC38
  2822 0001:000CBC3E  2824 0001:000CBC42  2825 0001:000CBC54  2827 0001:000CBC5B
  2828 0001:000CBC61  2831 0001:000CBC6C  2834 0001:000CBC70  2835 0001:000CBC75
  2836 0001:000CBC80  2839 0001:000CBC8C  2840 0001:000CBC92  2842 0001:000CBC96
  2843 0001:000CBCA8  2845 0001:000CBCAF  2846 0001:000CBCB5  2849 0001:000CBCC0
  2853 0001:000CBCC4  2854 0001:000CBCCB  2856 0001:000CBCCF  2857 0001:000CBCD6
  2859 0001:000CBCDE  2860 0001:000CBCE0  2865 0001:000CBCE4  2870 0001:000CBCE8
  2874 0001:000CBCEC  2875 0001:000CBCF3  2877 0001:000CBCFA  2878 0001:000CBD01
  2880 0001:000CBD09  2881 0001:000CBD0B  2885 0001:000CBD0C  2888 0001:000CBD12
  2889 0001:000CBD19  2891 0001:000CBD24  2892 0001:000CBD2B  2893 0001:000CBD34
  2896 0001:000CBD38  2897 0001:000CBD3B  2899 0001:000CBD42  2900 0001:000CBD54
  2901 0001:000CBD62  2904 0001:000CBD72  2906 0001:000CBD79  2907 0001:000CBD8B
  2908 0001:000CBD9C  2910 0001:000CBDAD  2916 0001:000CBDB0  2917 0001:000CBDCA
  2920 0001:000CBDD0  2924 0001:000CBE00  2925 0001:000CBE22  2926 0001:000CBE44
  2927 0001:000CBE64  2930 0001:000CBE70  2931 0001:000CBE81  2932 0001:000CBE88
  2935 0001:000CBE95  2940 0001:000CBEE6  2944 0001:000CBEF0  2946 0001:000CBEF5
  2949 0001:000CBEF8  2951 0001:000CBEFD  2955 0001:000CBF00  2956 0001:000CBF03
  2960 0001:000CBF04  2961 0001:000CBF0B  2963 0001:000CBF0E  2964 0001:000CBF15
  2966 0001:000CBF19  2967 0001:000CBF1B  2970 0001:000CBF1C  2976 0001:000CBF22
  2978 0001:000CBF33  2979 0001:000CBF36  2982 0001:000CBF3E  2984 0001:000CBF4F
  2985 0001:000CBF54  2989 0001:000CBF59  2990 0001:000CBF5E  2992 0001:000CBF63
  2996 0001:000CBF68  2997 0001:000CBF6F  2999 0001:000CBF77  3000 0001:000CBF7E
  3002 0001:000CBF87  3003 0001:000CBF89  3007 0001:000CBF8C  3009 0001:000CBF9E
  3014 0001:000CBFA8  3015 0001:000CBFBD  3016 0001:000CBFC6  3017 0001:000CBFE3
  3020 0001:000CBFEC  3021 0001:000CBFFE  3022 0001:000CC007  3023 0001:000CC022
  3026 0001:000CC028  3027 0001:000CC039  3028 0001:000CC03F  3030 0001:000CC05D
  3031 0001:000CC079  3035 0001:000CC080  3036 0001:000CC082  3040 0001:000CC084
  3041 0001:000CC089  3044 0001:000CC08C  3045 0001:000CC08F  3046 0001:000CC096
  3047 0001:000CC0A2  3048 0001:000CC0AE  3053 0001:000CC0B0  3054 0001:000CC0C1
  3055 0001:000CC0CD  3059 0001:000CC0D8  3060 0001:000CC0F1  3062 0001:000CC102
  3063 0001:000CC105  3064 0001:000CC108  3069 0001:000CC114  3070 0001:000CC125
  3071 0001:000CC12F  3072 0001:000CC141  3073 0001:000CC145  3074 0001:000CC148
  3075 0001:000CC156  3076 0001:000CC164  3079 0001:000CC16C  3080 0001:000CC17D
  3081 0001:000CC186  3082 0001:000CC1A2  3085 0001:000CC1AC  3086 0001:000CC1BD
  3088 0001:000CC1CB  3089 0001:000CC1D4  3091 0001:000CC1F0  3094 0001:000CC1F8
  3095 0001:000CC209  3096 0001:000CC212  3097 0001:000CC21B  3100 0001:000CC224
  3101 0001:000CC235  3102 0001:000CC249  3103 0001:000CC252  3106 0001:000CC25C
  3107 0001:000CC260  3109 0001:000CC2BB  3112 0001:000CC2C0  3113 0001:000CC2C3
  3114 0001:000CC2CA  3115 0001:000CC2D8  3116 0001:000CC2E6  3117 0001:000CC2F4
  3118 0001:000CC302  3121 0001:000CC304  3122 0001:000CC307  3123 0001:000CC311
  3126 0001:000CC314  3127 0001:000CC325  3128 0001:000CC34F  3134 0001:000CC358
  3135 0001:000CC36E  3137 0001:000CC37C  3139 0001:000CC390  3141 0001:000CC3A2
  3142 0001:000CC3BE  3144 0001:000CC3D4  3145 0001:000CC3E8  3149 0001:000CC3F7
  3150 0001:000CC41E  3153 0001:000CC430  3154 0001:000CC441  3155 0001:000CC44A
  3156 0001:000CC45E  3157 0001:000CC467  3162 0001:000CC470  3163 0001:000CC489
  3164 0001:000CC492  3165 0001:000CC4A1  3167 0001:000CC4B0  3168 0001:000CC4D0
  3171 0001:000CC4EE  3172 0001:000CC4F8  3173 0001:000CC502  3174 0001:000CC509
  3175 0001:000CC516  3176 0001:000CC520  3177 0001:000CC52D  3178 0001:000CC537
  3179 0001:000CC541  3180 0001:000CC54B  3181 0001:000CC56C  3184 0001:000CC574
  3185 0001:000CC57F  3186 0001:000CC58A  3187 0001:000CC592  3188 0001:000CC59A
  3189 0001:000CC5B1  3192 0001:000CC5B4  3193 0001:000CC5C5  3195 0001:000CC5CE
  3196 0001:000CC5D9  3197 0001:000CC5E3  3198 0001:000CC5E9  3200 0001:000CC5F9
  3201 0001:000CC607  3203 0001:000CC627  3209 0001:000CC630  3210 0001:000CC642
  3211 0001:000CC65F  3212 0001:000CC672  3213 0001:000CC684  3214 0001:000CC69A
  3212 0001:000CC6BC  3214 0001:000CC6BF  3211 0001:000CC6C0  3215 0001:000CC6C5
  3223 0001:000CC6D0  3228 0001:000CC6E9  3233 0001:000CC6F8  3235 0001:000CC707
  3236 0001:000CC713  3239 0001:000CC723  3240 0001:000CC738  3241 0001:000CC742
  3242 0001:000CC750  3245 0001:000CC75A  3248 0001:000CC763  3249 0001:000CC770
  3250 0001:000CC780  3251 0001:000CC791  3252 0001:000CC7A1  3255 0001:000CC7B2
  3256 0001:000CC7C0  3257 0001:000CC7CF  3258 0001:000CC7DF  3261 0001:000CC7F0
  3262 0001:000CC7F6  3264 0001:000CC803  3265 0001:000CC810  3266 0001:000CC823
  3267 0001:000CC836  3268 0001:000CC849  3271 0001:000CC85C  3272 0001:000CC862
  3274 0001:000CC871  3275 0001:000CC87C  3276 0001:000CC88C  3277 0001:000CC89C
  3278 0001:000CC8AE  3285 0001:000CC8C0  3286 0001:000CC8D7  3288 0001:000CC8DB
  3290 0001:000CC8F2  3291 0001:000CC90D  3288 0001:000CC911  3294 0001:000CC914
  3297 0001:000CC91C  3299 0001:000CC925  3300 0001:000CC930  3302 0001:000CC935
  3304 0001:000CC938  3305 0001:000CC943  3309 0001:000CC96C  3311 0001:000CC99D
  3316 0001:000CC9A4  3318 0001:000CC9B1  3319 0001:000CC9BC  3321 0001:000CC9C1
  3323 0001:000CC9C4  3327 0001:000CC9CE  3328 0001:000CC9DC  3330 0001:000CC9EB
  3331 0001:000CC9FC  3332 0001:000CCA0D  3333 0001:000CCA2D  3334 0001:000CCA5A
  3339 0001:000CCA96  3340 0001:000CCAA7  3341 0001:000CCAB8  3342 0001:000CCAD8
  3343 0001:000CCB05  3348 0001:000CCB3C  3350 0001:000CCB4A  3353 0001:000CCB51
  3354 0001:000CCB52  3358 0001:000CCB53  3359 0001:000CCB5E  3364 0001:000CCB68
  3365 0001:000CCB79  3367 0001:000CCB82  3370 0001:000CCB90  3371 0001:000CCB9D
  3372 0001:000CCBA7  3377 0001:000CCBB5  3379 0001:000CCBBB  3380 0001:000CCBC6
  3381 0001:000CCBD1  3384 0001:000CCBDF  3386 0001:000CCBE8  3387 0001:000CCBF9
  3388 0001:000CCC03  3389 0001:000CCC0D  3390 0001:000CCC1F  3394 0001:000CCC2A
  3395 0001:000CCC37  3396 0001:000CCC41  3397 0001:000CCC4B  3398 0001:000CCC5D
  3402 0001:000CCC66  3410 0001:000CCC70  3411 0001:000CCC89  3412 0001:000CCC90
  3413 0001:000CCC97  3415 0001:000CCCBB  3416 0001:000CCCD2  3417 0001:000CCCE4
  3418 0001:000CCCF0  3424 0001:000CCD02  3426 0001:000CCD15  3427 0001:000CCD1F
  3428 0001:000CCD2A  3429 0001:000CCD3A  3430 0001:000CCD4B  3431 0001:000CCD5B
  3435 0001:000CCD6C  3436 0001:000CCD76  3438 0001:000CCD88  3440 0001:000CCD93
  3441 0001:000CCDA3  3442 0001:000CCDB4  3443 0001:000CCDCD  3447 0001:000CCDEB
  3448 0001:000CCDFB  3449 0001:000CCE0C  3450 0001:000CCE25  3457 0001:000CCE41
  3461 0001:000CCE4C  3463 0001:000CCE57  3465 0001:000CCE62  3466 0001:000CCE72
  3470 0001:000CCE85  3471 0001:000CCE96  3476 0001:000CCEA9  3479 0001:000CCEB4
  3481 0001:000CCEC8  3482 0001:000CCED3  3484 0001:000CCED9  3486 0001:000CCEDD
  3487 0001:000CCEE3  3493 0001:000CCEF6  3495 0001:000CCF02  3496 0001:000CCF12
  3497 0001:000CCF15  3500 0001:000CCF18  3501 0001:000CCF37  3504 0001:000CCF76
  3506 0001:000CCF96  3509 0001:000CCFA0  3510 0001:000CCFB1  3512 0001:000CCFBA
  3513 0001:000CCFC7  3515 0001:000CCFD9  3516 0001:000CCFE4  3517 0001:000CCFEE
  3518 0001:000CD009  3519 0001:000CD014  3520 0001:000CD01E  3521 0001:000CD02B
  3522 0001:000CD03D  3523 0001:000CD04D  3527 0001:000CD064  3528 0001:000CD071
  3529 0001:000CD07B  3530 0001:000CD088  3531 0001:000CD092  3534 0001:000CD09B
  3538 0001:000CD0A4  3539 0001:000CD0B2  3540 0001:000CD0BD  3541 0001:000CD0CC
  3543 0001:000CD0D4  3544 0001:000CD0D7  3564 0001:000CD144  3565 0001:000CD14D
  3566 0001:000CD15E  3567 0001:000CD163  3587 0001:000CD164  3588 0001:000CD172
  3589 0001:000CD189  3592 0001:000CD1A4  3595 0001:000CD1C6  3596 0001:000CD1D8
  3597 0001:000CD1E6  3598 0001:000CD1F5  3599 0001:000CD203  3600 0001:000CD20F
  3601 0001:000CD21D  3602 0001:000CD228  3604 0001:000CD245  3605 0001:000CD24F
  3608 0001:000CD271  3611 0001:000CD28E  3617 0001:000CD2A3  3619 0001:000CD2A7
  3620 0001:000CD2B4  3625 0001:000CD2BD  3626 0001:000CD2CA  3629 0001:000CD2D4
  3638 0001:000CD2DC  3639 0001:000CD2F4  3642 0001:000CD2FD  3644 0001:000CD31D
  3646 0001:000CD333  3658 0001:000CD387  3660 0001:000CD391  3662 0001:000CD39E
  3663 0001:000CD3AB  3667 0001:000CD3C5  3668 0001:000CD3CD  3693 0001:000CD3E1
  3694 0001:000CD3ED  3696 0001:000CD402  3697 0001:000CD40E  3698 0001:000CD41C
  3699 0001:000CD42D  3701 0001:000CD44E  3702 0001:000CD45E  3710 0001:000CD473
  3711 0001:000CD485  3715 0001:000CD490  3717 0001:000CD4A6  3718 0001:000CD4BA
  3719 0001:000CD4CE  3723 0001:000CD4D8  3724 0001:000CD4E0  3728 0001:000CD4E4
  3729 0001:000CD4EC  3732 0001:000CD4F0  3734 0001:000CD501  3735 0001:000CD50C
  3737 0001:000CD55C  3738 0001:000CD5A7  3741 0001:000CD5B0  3742 0001:000CD5C1
  3745 0001:000CD5CA  3746 0001:000CD5D5  3747 0001:000CD5DF  3748 0001:000CD5E9
  3750 0001:000CD603  3753 0001:000CD60C  3754 0001:000CD61A  3755 0001:000CD621
  3758 0001:000CD628  3759 0001:000CD62C  3761 0001:000CD687  3765 0001:000CD68C
  3768 0001:000CD695  3769 0001:000CD6A9  3776 0001:000CD6B0  3777 0001:000CD6C4
  3778 0001:000CD6C6  3781 0001:000CD6D1  3782 0001:000CD6E1  3784 0001:000CD6F0
  3788 0001:000CD6F4  3791 0001:000CD6F8  3792 0001:000CD70E  3789 0001:000CD70F
  3795 0001:000CD720  3798 0001:000CD728  3799 0001:000CD72B  3800 0001:000CD732
  3801 0001:000CD740  3802 0001:000CD74E  3803 0001:000CD75C  3804 0001:000CD76A
  3808 0001:000CD76C  3809 0001:000CD782  3810 0001:000CD7A9  3813 0001:000CD7B4
  3814 0001:000CD7B7  3815 0001:000CD7C1  3818 0001:000CD7C4  3819 0001:000CD7D5
  3820 0001:000CD802  3825 0001:000CD80C  3826 0001:000CD81A  3827 0001:000CD821
  3831 0001:000CD828  3832 0001:000CD82D  3835 0001:000CD830  3836 0001:000CD833
  3837 0001:000CD83D  3842 0001:000CD840  3843 0001:000CD846  3848 0001:000CD84F
  3849 0001:000CD859  3850 0001:000CD86A  3852 0001:000CD87D  3853 0001:000CD88F
  3854 0001:000CD891  3849 0001:000CD892  3855 0001:000CD897  3859 0001:000CD89C
  3860 0001:000CD8AD  3861 0001:000CD8B9  3867 0001:000CD8C4  3868 0001:000CD8C8
  3870 0001:000CD8CF  3871 0001:000CD8D9  3874 0001:000CD8F2  3876 0001:000CD8F9
  3877 0001:000CD903  3879 0001:000CD91A  3883 0001:000CD920  3884 0001:000CD931
  3886 0001:000CD938  3887 0001:000CD942  3890 0001:000CD95C  3892 0001:000CD963
  3893 0001:000CD96D  3895 0001:000CD985  3900 0001:000CD990  3901 0001:000CD997
  3903 0001:000CD9A8  3904 0001:000CD9B4  3905 0001:000CD9BE  3906 0001:000CD9C8
  3909 0001:000CD9D4  3910 0001:000CD9DD  3913 0001:000CD9E4  3914 0001:000CD9E5
  3915 0001:000CD9EC  3916 0001:000CD9F6  3920 0001:000CD9F8  3922 0001:000CD9FD
  3923 0001:000CDA00  3925 0001:000CDA05  3929 0001:000CDA08  3931 0001:000CDA0D
  3932 0001:000CDA10  3934 0001:000CDA15  3938 0001:000CDA18  3940 0001:000CDA1D
  3941 0001:000CDA20  3943 0001:000CDA25  3947 0001:000CDA28  3949 0001:000CDA2D
  3950 0001:000CDA30  3952 0001:000CDA35  3957 0001:000CDA38  3958 0001:000CDA3F
  3960 0001:000CDA50  3961 0001:000CDA5C  3964 0001:000CDA68  3965 0001:000CDA71
  3968 0001:000CDA78  3969 0001:000CDA79  3970 0001:000CDA80  3971 0001:000CDA8A
  3975 0001:000CDA8C  3977 0001:000CDA91  3978 0001:000CDA94  3980 0001:000CDA99
  3984 0001:000CDA9C  3986 0001:000CDAA1  3987 0001:000CDAA4  3989 0001:000CDAA9
  3994 0001:000CDAAC  3995 0001:000CDAB8  3996 0001:000CDAC2  3997 0001:000CDACC
  3998 0001:000CDAD8  4004 0001:000CDAE0  4005 0001:000CDAEE  4006 0001:000CDAFA
  4007 0001:000CDAFE  4009 0001:000CDB1D  4010 0001:000CDB1F  4013 0001:000CDB28
  4014 0001:000CDB3A  4015 0001:000CDB43  4016 0001:000CDB52  4017 0001:000CDB78
  4020 0001:000CDB7C  4021 0001:000CDB87  4022 0001:000CDB8F  4023 0001:000CDB97
  4024 0001:000CDBAE  4029 0001:000CDBB4  4030 0001:000CDBBB  4031 0001:000CDBC7
  4033 0001:000CDBCB  4034 0001:000CDBDE  4035 0001:000CDBE8  4037 0001:000CDBF2
  4045 0001:000CDBF8  4046 0001:000CDC1B  4051 0001:000CDC3A  4039 0001:000CDC3C
  4044 0001:000CDC43

Line numbers for AboutBox(AboutBox.pas) segment .text

    34 0001:000CDE58    35 0001:000CDE65    39 0001:000CDE68    40 0001:000CDE6D
    42 0001:000CDEA0    42 0001:000CDEA7

Line numbers for EditorForm(EditorForm.pas) segment .text

   104 0001:000CE6A0   105 0001:000CE6A3   106 0001:000CE6B3   107 0001:000CE6C4
   110 0001:000CE6D8   111 0001:000CE6DC   114 0001:000CE6ED   115 0001:000CE701
   116 0001:000CE717   117 0001:000CE730   118 0001:000CE743   119 0001:000CE756
   120 0001:000CE769   123 0001:000CE780   124 0001:000CE783   125 0001:000CE790
   126 0001:000CE7A0   127 0001:000CE7B0   128 0001:000CE7C1   129 0001:000CE7CF
   133 0001:000CE7F4   134 0001:000CE7F9   137 0001:000CE7FC   138 0001:000CE7FF
   139 0001:000CE80F   140 0001:000CE81C   143 0001:000CE838   144 0001:000CE83B
   145 0001:000CE84B   146 0001:000CE858   152 0001:000CE870   153 0001:000CE88E
   155 0001:000CE89D   156 0001:000CE8A7   159 0001:000CE8AC   162 0001:000CE8E2
   163 0001:000CE8EC   167 0001:000CE8F1   169 0001:000CE901   171 0001:000CE929
   172 0001:000CE933   174 0001:000CE938   175 0001:000CE95A   176 0001:000CE968
   177 0001:000CE97C   178 0001:000CE98D   180 0001:000CE9B9   183 0001:000CEA10
   186 0001:000CEA9C   187 0001:000CEAB6   189 0001:000CEAC5   190 0001:000CEACF
   193 0001:000CEAD4   196 0001:000CEB0A   197 0001:000CEB14   201 0001:000CEB16
   203 0001:000CEB22   205 0001:000CEB4A   206 0001:000CEB54   209 0001:000CEB86
   220 0001:000CEC14   221 0001:000CEC36   223 0001:000CEC56   225 0001:000CEC7A
   226 0001:000CEC96   228 0001:000CECAC   230 0001:000CECB5   231 0001:000CECD9
   234 0001:000CED00   236 0001:000CED1A   237 0001:000CED2F   239 0001:000CED49
   223 0001:000CED4C   240 0001:000CED53   221 0001:000CED54   241 0001:000CED7A
   242 0001:000CED90   243 0001:000CEDBA   244 0001:000CEDC2   246 0001:000CEDD3
   247 0001:000CEDF2   246 0001:000CEE0C   250 0001:000CEE0F   251 0001:000CEE1E
   253 0001:000CEE28   254 0001:000CEE34   256 0001:000CEE3B   257 0001:000CEE51
   258 0001:000CEE67   259 0001:000CEE7D   261 0001:000CEE93   263 0001:000CEEB7
   264 0001:000CEEC5   265 0001:000CEED5   267 0001:000CEEDB   268 0001:000CEEF6
   271 0001:000CEF14   273 0001:000CEF21   275 0001:000CEF32   276 0001:000CEF3E
   279 0001:000CEF62   261 0001:000CEF65   281 0001:000CEF6C   282 0001:000CEF9E
   287 0001:000CEFB4   288 0001:000CEFB8   289 0001:000CEFCA   290 0001:000CEFD3
   291 0001:000CEFE2   296 0001:000CEFF4   297 0001:000CEFF8   298 0001:000CF00A
   299 0001:000CF013   300 0001:000CF022   303 0001:000CF034   304 0001:000CF037
   305 0001:000CF042   306 0001:000CF04A   310 0001:000CF04C   311 0001:000CF066
   312 0001:000CF075   313 0001:000CF081   315 0001:000CF0B4   315 0001:000CF0BB

Line numbers for Editor(E:\Program Files (x86)\Borland\Delphi7\Projects\Editor\Editor.dpr) segment .text

    10 0001:000CF56C    11 0001:000CF57C    12 0001:000CF588    13 0001:000CF5A0
    14 0001:000CF5B8    15 0001:000CF5C4

Bound resource files

e:\program files (x86)\borland\delphi7\Lib\Buttons.res
e:\program files (x86)\borland\delphi7\Lib\ExtDlgs.res
e:\program files (x86)\borland\delphi7\Lib\Controls.res
E:\Projekte\jedi\jcl\jcl\source\common\JclUnicode.res
E:\Projekte\jedi\jvcl\jvcl\resources\JvConsts.res
e:\projekte\synedit\source\SynEdit.res
AboutBox.dfm
EditorForm.dfm
Editor.res
Editor.drf


Program entry point at 0001:000CF56C
